#
# There is insufficient memory for the Java Runtime Environment to continue.
# Native memory allocation (mmap) failed to map 65536 bytes. Error detail: Failed to commit metaspace.
# Possible reasons:
#   The system is out of physical RAM or swap space
#   This process is running with CompressedOops enabled, and the Java Heap may be blocking the growth of the native heap
# Possible solutions:
#   Reduce memory load on the system
#   Increase physical memory or swap space
#   Check if swap backing store is full
#   Decrease Java heap size (-Xmx/-Xms)
#   Decrease number of Java threads
#   Decrease Java thread stack sizes (-Xss)
#   Set larger code cache with -XX:ReservedCodeCacheSize=
#   JVM is running with Zero Based Compressed Oops mode in which the Java heap is
#     placed in the first 32GB address space. The Java Heap base address is the
#     maximum limit for the native heap growth. Please use -XX:HeapBaseMinAddress
#     to set the Java Heap base and to place the Java Heap above 32GB virtual address.
# This output file may be truncated or incomplete.
#
#  Out of Memory Error (virtualSpaceNode.cpp:113), pid=2036, tid=2760
#
# JRE version: OpenJDK Runtime Environment Microsoft-11933218 (21.0.8+9) (build 21.0.8+9-LTS)
# Java VM: OpenJDK 64-Bit Server VM Microsoft-11933218 (21.0.8+9-LTS, mixed mode, emulated-client, sharing, tiered, compressed oops, compressed class ptrs, g1 gc, windows-amd64)
# No core dump will be written. Minidumps are not enabled by default on client versions of Windows
#

---------------  S U M M A R Y ------------

Command Line: -XX:TieredStopAtLevel=1 -Dspring.output.ansi.enabled=always -Dcom.sun.management.jmxremote -Dspring.jmx.enabled=true -Dspring.liveBeansView.mbeanDomain -Dspring.application.admin.enabled=true -Dmanagement.endpoints.jmx.exposure.include=* -javaagent:C:\Program Files\JetBrains\IntelliJ IDEA 2025.2.1\lib\idea_rt.jar=59070 -Dfile.encoding=UTF-8 -Dsun.stdout.encoding=UTF-8 -Dsun.stderr.encoding=UTF-8 com.marketplace.ecommerce.EcommerceApplication

Host: 12th Gen Intel(R) Core(TM) i7-12700H, 20 cores, 15G,  Windows 11 , 64 bit Build 26100 (10.0.26100.7705)
Time: Sat Feb 28 08:57:54 2026 SE Asia Standard Time elapsed time: 622.166905 seconds (0d 0h 10m 22s)

---------------  T H R E A D  ---------------

Current thread (0x00000222c1567040):  JavaThread "File Watcher" daemon [_thread_in_vm, id=2760, stack(0x000000e17db00000,0x000000e17dc00000) (1024K)]

Stack: [0x000000e17db00000,0x000000e17dc00000]
Native frames: (J=compiled Java code, j=interpreted, Vv=VM code, C=native code)
V  [jvm.dll+0x6e1729]
V  [jvm.dll+0x8bf47b]
V  [jvm.dll+0x8c19aa]
V  [jvm.dll+0x8c2083]
V  [jvm.dll+0x289fd6]
V  [jvm.dll+0x8bb208]
V  [jvm.dll+0x683354]
V  [jvm.dll+0x6833ba]
V  [jvm.dll+0x685bcb]
V  [jvm.dll+0x685a92]
V  [jvm.dll+0x683d2e]
V  [jvm.dll+0x286e97]
V  [jvm.dll+0x7383b6]
V  [jvm.dll+0x738f2f]
V  [jvm.dll+0x3d4e6c]
V  [jvm.dll+0x3d4cf7]
V  [jvm.dll+0x3d3c17]
V  [jvm.dll+0x3d3bb8]
V  [jvm.dll+0x3e5c7d]
C  0x00000222ecd08cdf

The last pc belongs to new (printed below).
Java frames: (J=compiled Java code, j=interpreted, Vv=VM code)
j  java.lang.Throwable.printStackTrace(Ljava/io/PrintStream;)V+1 java.base@21.0.8
j  java.lang.ThreadGroup.uncaughtException(Ljava/lang/Thread;Ljava/lang/Throwable;)V+75 java.base@21.0.8
j  java.lang.ThreadGroup.uncaughtException(Ljava/lang/Thread;Ljava/lang/Throwable;)V+13 java.base@21.0.8
j  java.lang.Thread.dispatchUncaughtException(Ljava/lang/Throwable;)V+6 java.base@21.0.8
v  ~StubRoutines::call_stub 0x00000222eccf100d
new  187 new  [0x00000222ecd08b60, 0x00000222ecd08d68]  520 bytes
[MachCode]
  0x00000222ecd08b60: 4883 ec08 | c5fa 1104 | 24eb 1f48 | 83ec 10c5 | fb11 0424 | eb14 4883 | ec10 4889 | 0424 48c7 
  0x00000222ecd08b80: 4424 0800 | 0000 00eb | 0150 410f | b755 010f | cac1 ea10 | 488b 4de8 | 488b 4908 | 488b 4908 
  0x00000222ecd08ba0: 488b 4108 | 807c 1004 | 070f 85d3 | 0000 0066 | 8b54 d148 | 488b 4928 | 488b 4cd1 | 0851 80b9 
  0x00000222ecd08bc0: 3101 0000 | 040f 85b6 | 0000 008b | 5108 f6c2 | 010f 85aa | 0000 0049 | 8b87 b801 | 0000 488d 
  0x00000222ecd08be0: 1c10 493b | 9fc8 0100 | 000f 8792 | 0000 0049 | 899f b801 | 0000 4883 | ea10 0f84 | 0f00 0000 
  0x00000222ecd08c00: 33c9 c1ea | 0348 894c | d008 48ff | ca75 f648 | c700 0100 | 0000 5933 | f689 700c | 49ba 0000 
  0x00000222ecd08c20: 0080 2202 | 0000 492b | ca89 4808 | 49ba 6a1e | 0223 fd7f | 0000 4180 | 3a00 0f84 | 3c00 0000 
  0x00000222ecd08c40: 5048 8bc8 | 4883 ec20 | 40f6 c40f | 0f84 1900 | 0000 4883 | ec08 48b8 | 408c ab22 | fd7f 0000 
  0x00000222ecd08c60: ffd0 4883 | c408 e90c | 0000 0048 | b840 8cab | 22fd 7f00 | 00ff d048 | 83c4 2058 | e9cb 0000 
  0x00000222ecd08c80: 0059 488b | 55e8 488b | 5208 488b | 5208 450f | b745 0141 | 0fc8 41c1 | e810 e805 | 0000 00e9 
  0x00000222ecd08ca0: a800 0000 | 488d 4424 | 084c 896d | c049 8bcf | c5f8 7749 | 89af a803 | 0000 4989 | 8798 0300 
  0x00000222ecd08cc0: 0048 83ec | 2040 f6c4 | 0f0f 8419 | 0000 0048 | 83ec 0848 | b8f0 5b75 | 22fd 7f00 | 00ff d048 
  0x00000222ecd08ce0: 83c4 08e9 | 0c00 0000 | 48b8 f05b | 7522 fd7f | 0000 ffd0 | 4883 c420 | 49c7 8798 | 0300 0000 
  0x00000222ecd08d00: 0000 0049 | c787 a803 | 0000 0000 | 0000 49c7 | 87a0 0300 | 0000 0000 | 00c5 f877 | 4983 7f08 
  0x00000222ecd08d20: 000f 8405 | 0000 00e9 | d481 feff | 498b 87f0 | 0300 0049 | c787 f003 | 0000 0000 | 0000 4c8b 
  0x00000222ecd08d40: 6dc0 4c8b | 75c8 4e8d | 74f5 00c3 | 410f b65d | 0349 83c5 | 0349 bac0 | e704 23fd | 7f00 0041 
  0x00000222ecd08d60: ff24 da0f | 1f44 0000 
[/MachCode]

---------------  P R O C E S S  ---------------

Threads class SMR info:
_java_thread_list=0x00000222f7de08d0, length=36, elements={
0x00000222f7fa6670, 0x00000222f7fa8ce0, 0x00000222f7fab7e0, 0x00000222f7fae0b0,
0x00000222f7fae8c0, 0x00000222f8725c80, 0x00000222f8728cb0, 0x00000222f882a1a0,
0x00000222f8829480, 0x00000222f882a830, 0x00000222f882b550, 0x00000222f8829b10,
0x00000222f882c900, 0x00000222f882aec0, 0x00000222fdc1f370, 0x00000222fdc20720,
0x00000222c1568a80, 0x00000222c1567d60, 0x00000222c15683f0, 0x00000222c1569e30,
0x00000222c156a4c0, 0x00000222c1567040, 0x00000222c156cc20, 0x00000222c156ab50,
0x00000222c156c590, 0x00000222c156bf00, 0x00000222c156b870, 0x00000222c156d940,
0x00000222c156d2b0, 0x00000222c156dfd0, 0x00000222c156e660, 0x00000222c156b1e0,
0x00000222fdc1fa00, 0x00000222fdc1d930, 0x00000222c26acce0, 0x00000222c26ab930
}

Java Threads: ( => current thread )
  0x00000222f7fa6670 JavaThread "Reference Handler"          daemon [_thread_blocked, id=1412, stack(0x000000e17b400000,0x000000e17b500000) (1024K)]
  0x00000222f7fa8ce0 JavaThread "Finalizer"                  daemon [_thread_blocked, id=21416, stack(0x000000e17b500000,0x000000e17b600000) (1024K)]
  0x00000222f7fab7e0 JavaThread "Signal Dispatcher"          daemon [_thread_blocked, id=11308, stack(0x000000e17b600000,0x000000e17b700000) (1024K)]
  0x00000222f7fae0b0 JavaThread "Attach Listener"            daemon [_thread_blocked, id=20632, stack(0x000000e17b700000,0x000000e17b800000) (1024K)]
  0x00000222f7fae8c0 JavaThread "Service Thread"             daemon [_thread_blocked, id=24964, stack(0x000000e17b800000,0x000000e17b900000) (1024K)]
  0x00000222f8725c80 JavaThread "Monitor Deflation Thread"   daemon [_thread_blocked, id=23020, stack(0x000000e17b900000,0x000000e17ba00000) (1024K)]
  0x00000222f8728cb0 JavaThread "C1 CompilerThread0"         daemon [_thread_blocked, id=21780, stack(0x000000e17ba00000,0x000000e17bb00000) (1024K)]
  0x00000222f882a1a0 JavaThread "Common-Cleaner"             daemon [_thread_blocked, id=21536, stack(0x000000e17bb00000,0x000000e17bc00000) (1024K)]
  0x00000222f8829480 JavaThread "Monitor Ctrl-Break"         daemon [_thread_in_native, id=18088, stack(0x000000e17be00000,0x000000e17bf00000) (1024K)]
  0x00000222f882a830 JavaThread "Notification Thread"        daemon [_thread_blocked, id=22700, stack(0x000000e17bf00000,0x000000e17c000000) (1024K)]
  0x00000222f882b550 JavaThread "RMI TCP Accept-0"           daemon [_thread_in_native, id=8048, stack(0x000000e17ca00000,0x000000e17cb00000) (1024K)]
  0x00000222f8829b10 JavaThread "RMI TCP Connection(1)-10.87.45.47" daemon [_thread_in_native, id=13472, stack(0x000000e17cb00000,0x000000e17cc00000) (1024K)]
  0x00000222f882c900 JavaThread "RMI Scheduler(0)"           daemon [_thread_blocked, id=4476, stack(0x000000e17cc00000,0x000000e17cd00000) (1024K)]
  0x00000222f882aec0 JavaThread "JMX server connection timeout 42" daemon [_thread_blocked, id=20432, stack(0x000000e17cd00000,0x000000e17ce00000) (1024K)]
  0x00000222fdc1f370 JavaThread "PostgreSQL-JDBC-Cleaner"    daemon [_thread_blocked, id=14060, stack(0x000000e17de00000,0x000000e17df00000) (1024K)]
  0x00000222fdc20720 JavaThread "HikariPool-1:housekeeper"   daemon [_thread_blocked, id=16888, stack(0x000000e17df00000,0x000000e17e000000) (1024K)]
  0x00000222c1568a80 JavaThread "Catalina-utility-1"                [_thread_blocked, id=8524, stack(0x000000e17e000000,0x000000e17e100000) (1024K)]
  0x00000222c1567d60 JavaThread "Catalina-utility-2"                [_thread_blocked, id=9064, stack(0x000000e17e200000,0x000000e17e300000) (1024K)]
  0x00000222c15683f0 JavaThread "container-0"                       [_thread_blocked, id=22680, stack(0x000000e17e300000,0x000000e17e400000) (1024K)]
  0x00000222c1569e30 JavaThread "HttpClient-1-SelectorManager" daemon [_thread_in_native, id=4976, stack(0x000000e17c100000,0x000000e17c200000) (1024K)]
  0x00000222c156a4c0 JavaThread "HttpClient-2-SelectorManager" daemon [_thread_in_native, id=12724, stack(0x000000e17da00000,0x000000e17db00000) (1024K)]
=>0x00000222c1567040 JavaThread "File Watcher"               daemon [_thread_in_vm, id=2760, stack(0x000000e17db00000,0x000000e17dc00000) (1024K)]
  0x00000222c156cc20 JavaThread "http-nio-8080-exec-1"       daemon [_thread_blocked, id=22668, stack(0x000000e17dc00000,0x000000e17dd00000) (1024K)]
  0x00000222c156ab50 JavaThread "http-nio-8080-exec-2"       daemon [_thread_blocked, id=8820, stack(0x000000e17e100000,0x000000e17e200000) (1024K)]
  0x00000222c156c590 JavaThread "http-nio-8080-exec-3"       daemon [_thread_blocked, id=15284, stack(0x000000e17e400000,0x000000e17e500000) (1024K)]
  0x00000222c156bf00 JavaThread "http-nio-8080-exec-4"       daemon [_thread_blocked, id=6208, stack(0x000000e17e500000,0x000000e17e600000) (1024K)]
  0x00000222c156b870 JavaThread "http-nio-8080-exec-5"       daemon [_thread_blocked, id=13548, stack(0x000000e17e600000,0x000000e17e700000) (1024K)]
  0x00000222c156d940 JavaThread "http-nio-8080-exec-6"       daemon [_thread_blocked, id=9600, stack(0x000000e17e700000,0x000000e17e800000) (1024K)]
  0x00000222c156d2b0 JavaThread "http-nio-8080-exec-7"       daemon [_thread_blocked, id=22888, stack(0x000000e17e800000,0x000000e17e900000) (1024K)]
  0x00000222c156dfd0 JavaThread "http-nio-8080-exec-8"       daemon [_thread_blocked, id=9220, stack(0x000000e17e900000,0x000000e17ea00000) (1024K)]
  0x00000222c156e660 JavaThread "http-nio-8080-exec-9"       daemon [_thread_blocked, id=9760, stack(0x000000e17ea00000,0x000000e17eb00000) (1024K)]
  0x00000222c156b1e0 JavaThread "http-nio-8080-exec-10"      daemon [_thread_blocked, id=24912, stack(0x000000e17eb00000,0x000000e17ec00000) (1024K)]
  0x00000222fdc1fa00 JavaThread "http-nio-8080-Poller"       daemon [_thread_in_native, id=12384, stack(0x000000e17ec00000,0x000000e17ed00000) (1024K)]
  0x00000222fdc1d930 JavaThread "http-nio-8080-Acceptor"     daemon [_thread_in_native, id=12264, stack(0x000000e17ed00000,0x000000e17ee00000) (1024K)]
  0x00000222c26acce0 JavaThread "scheduling-1"                      [_thread_blocked, id=14324, stack(0x000000e17ee00000,0x000000e17ef00000) (1024K)]
  0x00000222c26ab930 JavaThread "DestroyJavaVM"                     [_thread_blocked, id=11396, stack(0x000000e17ac00000,0x000000e17ad00000) (1024K)]
Total: 36

Other Threads:
  0x00000222f7f88240 VMThread "VM Thread"                           [id=23704, stack(0x000000e17b300000,0x000000e17b400000) (1024K)]
  0x00000222f7f760e0 WatcherThread "VM Periodic Task Thread"        [id=12192, stack(0x000000e17b200000,0x000000e17b300000) (1024K)]
  0x00000222e466bd80 WorkerThread "GC Thread#0"                     [id=20240, stack(0x000000e17ad00000,0x000000e17ae00000) (1024K)]
  0x00000222fd568260 WorkerThread "GC Thread#1"                     [id=22560, stack(0x000000e17c200000,0x000000e17c300000) (1024K)]
  0x00000222fd568600 WorkerThread "GC Thread#2"                     [id=296, stack(0x000000e17c300000,0x000000e17c400000) (1024K)]
  0x00000222fd5689a0 WorkerThread "GC Thread#3"                     [id=1684, stack(0x000000e17c400000,0x000000e17c500000) (1024K)]
  0x00000222fd56d560 WorkerThread "GC Thread#4"                     [id=21008, stack(0x000000e17c500000,0x000000e17c600000) (1024K)]
  0x00000222fd56d900 WorkerThread "GC Thread#5"                     [id=19744, stack(0x000000e17c600000,0x000000e17c700000) (1024K)]
  0x00000222fd57a860 WorkerThread "GC Thread#6"                     [id=19252, stack(0x000000e17c700000,0x000000e17c800000) (1024K)]
  0x00000222fd5886e0 WorkerThread "GC Thread#7"                     [id=10332, stack(0x000000e17c800000,0x000000e17c900000) (1024K)]
  0x00000222fd588a80 WorkerThread "GC Thread#8"                     [id=7760, stack(0x000000e17c900000,0x000000e17ca00000) (1024K)]
  0x00000222fdc93d30 WorkerThread "GC Thread#9"                     [id=16388, stack(0x000000e17ce00000,0x000000e17cf00000) (1024K)]
  0x00000222fd7a94b0 WorkerThread "GC Thread#10"                    [id=2092, stack(0x000000e17cf00000,0x000000e17d000000) (1024K)]
  0x00000222fdc139f0 WorkerThread "GC Thread#11"                    [id=13960, stack(0x000000e17d000000,0x000000e17d100000) (1024K)]
  0x00000222fdd459b0 WorkerThread "GC Thread#12"                    [id=14608, stack(0x000000e17d400000,0x000000e17d500000) (1024K)]
  0x00000222fdd44b30 WorkerThread "GC Thread#13"                    [id=14380, stack(0x000000e17d500000,0x000000e17d600000) (1024K)]
  0x00000222fdd45610 WorkerThread "GC Thread#14"                    [id=12136, stack(0x000000e17d600000,0x000000e17d700000) (1024K)]
  0x00000222e467c830 ConcurrentGCThread "G1 Main Marker"            [id=2548, stack(0x000000e17ae00000,0x000000e17af00000) (1024K)]
  0x00000222e467f8e0 WorkerThread "G1 Conc#0"                       [id=24708, stack(0x000000e17af00000,0x000000e17b000000) (1024K)]
  0x00000222fdd45270 WorkerThread "G1 Conc#1"                       [id=24232, stack(0x000000e17d700000,0x000000e17d800000) (1024K)]
  0x00000222fe33a240 WorkerThread "G1 Conc#2"                       [id=6436, stack(0x000000e17d800000,0x000000e17d900000) (1024K)]
  0x00000222fe3393c0 WorkerThread "G1 Conc#3"                       [id=24296, stack(0x000000e17d900000,0x000000e17da00000) (1024K)]
  0x00000222f7e490d0 ConcurrentGCThread "G1 Refine#0"               [id=15252, stack(0x000000e17b000000,0x000000e17b100000) (1024K)]
  0x00000222f7e49600 ConcurrentGCThread "G1 Service"                [id=24500, stack(0x000000e17b100000,0x000000e17b200000) (1024K)]
Total: 24

Threads with active compile tasks:
Total: 0

VM state: not at safepoint (normal execution)

VM Mutex/Monitor currently owned by a thread:  ([mutex/lock_event])
[0x00007ffd230387c8] Metaspace_lock - owner thread: 0x00000222c1567040

Heap address: 0x0000000704400000, size: 4028 MB, Compressed Oops mode: Zero based, Oop shift amount: 3

CDS archive(s) mapped at: [0x0000022280000000-0x0000022280c80000-0x0000022280c80000), size 13107200, SharedBaseAddress: 0x0000022280000000, ArchiveRelocationMode: 1.
Compressed class space mapped at: 0x0000022281000000-0x00000222c1000000, reserved size: 1073741824
Narrow klass base: 0x0000022280000000, Narrow klass shift: 0, Narrow klass range: 0x100000000

GC Precious Log:
 CardTable entry size: 512
 Card Set container configuration: InlinePtr #cards 4 size 8 Array Of Cards #cards 16 size 48 Howl #buckets 8 coarsen threshold 3686 Howl Bitmap #cards 512 size 80 coarsen threshold 460 Card regions per heap region 1 cards per card region 4096
 CPUs: 20 total, 20 available
 Memory: 16108M
 Large Page Support: Disabled
 NUMA Support: Disabled
 Compressed Oops: Enabled (Zero based)
 Heap Region Size: 2M
 Heap Min Capacity: 8M
 Heap Initial Capacity: 252M
 Heap Max Capacity: 4028M
 Pre-touch: Disabled
 Parallel Workers: 15
 Concurrent Workers: 4
 Concurrent Refinement Workers: 15
 Periodic GC: Disabled

Heap:
 garbage-first heap   total 190464K, used 77629K [0x0000000704400000, 0x0000000800000000)
  region size 2048K, 6 young (12288K), 2 survivors (4096K)
 Metaspace       used 108292K, committed 110144K, reserved 1179648K
  class space    used 15669K, committed 16384K, reserved 1048576K

Heap Regions: E=young(eden), S=young(survivor), O=old, HS=humongous(starts), HC=humongous(continues), CS=collection set, F=free, TAMS=top-at-mark-start, PB=parsable bottom
|   0|0x0000000704400000, 0x0000000704600000, 0x0000000704600000|100%| O|  |TAMS 0x0000000704400000| PB 0x0000000704400000| Untracked 
|   1|0x0000000704600000, 0x0000000704800000, 0x0000000704800000|100%| O|  |TAMS 0x0000000704600000| PB 0x0000000704600000| Untracked 
|   2|0x0000000704800000, 0x0000000704a00000, 0x0000000704a00000|100%| O|  |TAMS 0x0000000704800000| PB 0x0000000704800000| Untracked 
|   3|0x0000000704a00000, 0x0000000704c00000, 0x0000000704c00000|100%| O|  |TAMS 0x0000000704a00000| PB 0x0000000704a00000| Untracked 
|   4|0x0000000704c00000, 0x0000000704e00000, 0x0000000704e00000|100%| O|  |TAMS 0x0000000704c00000| PB 0x0000000704c00000| Untracked 
|   5|0x0000000704e00000, 0x0000000705000000, 0x0000000705000000|100%| O|  |TAMS 0x0000000704e00000| PB 0x0000000704e00000| Untracked 
|   6|0x0000000705000000, 0x0000000705200000, 0x0000000705200000|100%| O|  |TAMS 0x0000000705000000| PB 0x0000000705000000| Untracked 
|   7|0x0000000705200000, 0x0000000705400000, 0x0000000705400000|100%| O|  |TAMS 0x0000000705200000| PB 0x0000000705200000| Untracked 
|   8|0x0000000705400000, 0x0000000705600000, 0x0000000705600000|100%| O|  |TAMS 0x0000000705400000| PB 0x0000000705400000| Untracked 
|   9|0x0000000705600000, 0x0000000705800000, 0x0000000705800000|100%| O|Cm|TAMS 0x0000000705600000| PB 0x0000000705600000| Complete 
|  10|0x0000000705800000, 0x0000000705a00000, 0x0000000705a00000|100%| O|  |TAMS 0x0000000705800000| PB 0x0000000705800000| Untracked 
|  11|0x0000000705a00000, 0x0000000705c00000, 0x0000000705c00000|100%| O|  |TAMS 0x0000000705a00000| PB 0x0000000705a00000| Untracked 
|  12|0x0000000705c00000, 0x0000000705e00000, 0x0000000705e00000|100%| O|  |TAMS 0x0000000705c00000| PB 0x0000000705c00000| Untracked 
|  13|0x0000000705e00000, 0x0000000706000000, 0x0000000706000000|100%| O|  |TAMS 0x0000000705e00000| PB 0x0000000705e00000| Untracked 
|  14|0x0000000706000000, 0x0000000706200000, 0x0000000706200000|100%| O|  |TAMS 0x0000000706000000| PB 0x0000000706000000| Untracked 
|  15|0x0000000706200000, 0x0000000706400000, 0x0000000706400000|100%| O|Cm|TAMS 0x0000000706200000| PB 0x0000000706200000| Complete 
|  16|0x0000000706400000, 0x0000000706600000, 0x0000000706600000|100%| O|  |TAMS 0x0000000706400000| PB 0x0000000706400000| Untracked 
|  17|0x0000000706600000, 0x0000000706800000, 0x0000000706800000|100%| O|  |TAMS 0x0000000706600000| PB 0x0000000706600000| Untracked 
|  18|0x0000000706800000, 0x0000000706a00000, 0x0000000706a00000|100%| O|Cm|TAMS 0x0000000706800000| PB 0x0000000706800000| Complete 
|  19|0x0000000706a00000, 0x0000000706a00000, 0x0000000706c00000|  0%| F|  |TAMS 0x0000000706a00000| PB 0x0000000706a00000| Untracked 
|  20|0x0000000706c00000, 0x0000000706e00000, 0x0000000706e00000|100%| O|  |TAMS 0x0000000706c00000| PB 0x0000000706c00000| Untracked 
|  21|0x0000000706e00000, 0x0000000707000000, 0x0000000707000000|100%| O|  |TAMS 0x0000000706e00000| PB 0x0000000706e00000| Untracked 
|  22|0x0000000707000000, 0x0000000707200000, 0x0000000707200000|100%| O|  |TAMS 0x0000000707000000| PB 0x0000000707000000| Untracked 
|  23|0x0000000707200000, 0x0000000707200000, 0x0000000707400000|  0%| F|  |TAMS 0x0000000707200000| PB 0x0000000707200000| Untracked 
|  24|0x0000000707400000, 0x0000000707600000, 0x0000000707600000|100%| O|  |TAMS 0x0000000707400000| PB 0x0000000707400000| Untracked 
|  25|0x0000000707600000, 0x0000000707800000, 0x0000000707800000|100%| O|  |TAMS 0x0000000707600000| PB 0x0000000707600000| Untracked 
|  26|0x0000000707800000, 0x0000000707a00000, 0x0000000707a00000|100%| O|Cm|TAMS 0x0000000707800000| PB 0x0000000707800000| Complete 
|  27|0x0000000707a00000, 0x0000000707c00000, 0x0000000707c00000|100%| O|  |TAMS 0x0000000707a00000| PB 0x0000000707a00000| Untracked 
|  28|0x0000000707c00000, 0x0000000707e00000, 0x0000000707e00000|100%| O|  |TAMS 0x0000000707c00000| PB 0x0000000707c00000| Untracked 
|  29|0x0000000707e00000, 0x0000000708000000, 0x0000000708000000|100%| O|  |TAMS 0x0000000707e00000| PB 0x0000000707e00000| Untracked 
|  30|0x0000000708000000, 0x0000000708200000, 0x0000000708200000|100%| O|  |TAMS 0x0000000708000000| PB 0x0000000708000000| Untracked 
|  31|0x0000000708200000, 0x0000000708400000, 0x0000000708400000|100%| O|Cm|TAMS 0x0000000708200000| PB 0x0000000708200000| Complete 
|  32|0x0000000708400000, 0x0000000708400000, 0x0000000708600000|  0%| F|  |TAMS 0x0000000708400000| PB 0x0000000708400000| Untracked 
|  33|0x0000000708600000, 0x0000000708800000, 0x0000000708800000|100%| O|  |TAMS 0x0000000708600000| PB 0x0000000708600000| Untracked 
|  34|0x0000000708800000, 0x0000000708800000, 0x0000000708a00000|  0%| F|  |TAMS 0x0000000708800000| PB 0x0000000708800000| Untracked 
|  35|0x0000000708a00000, 0x0000000708c00000, 0x0000000708c00000|100%| O|Cm|TAMS 0x0000000708a00000| PB 0x0000000708a00000| Complete 
|  36|0x0000000708c00000, 0x0000000708c00000, 0x0000000708e00000|  0%| F|  |TAMS 0x0000000708c00000| PB 0x0000000708c00000| Untracked 
|  37|0x0000000708e00000, 0x0000000709000000, 0x0000000709000000|100%| O|  |TAMS 0x0000000708e00000| PB 0x0000000708e00000| Untracked 
|  38|0x0000000709000000, 0x0000000709000000, 0x0000000709200000|  0%| F|  |TAMS 0x0000000709000000| PB 0x0000000709000000| Untracked 
|  39|0x0000000709200000, 0x00000007093643c8, 0x0000000709400000| 69%| S|CS|TAMS 0x0000000709200000| PB 0x0000000709200000| Complete 
|  40|0x0000000709400000, 0x0000000709600000, 0x0000000709600000|100%| S|CS|TAMS 0x0000000709400000| PB 0x0000000709400000| Complete 
|  41|0x0000000709600000, 0x000000070966b220, 0x0000000709800000| 20%| O|  |TAMS 0x0000000709600000| PB 0x0000000709600000| Untracked 
|  42|0x0000000709800000, 0x0000000709800000, 0x0000000709a00000|  0%| F|  |TAMS 0x0000000709800000| PB 0x0000000709800000| Untracked 
|  43|0x0000000709a00000, 0x0000000709a00000, 0x0000000709c00000|  0%| F|  |TAMS 0x0000000709a00000| PB 0x0000000709a00000| Untracked 
|  44|0x0000000709c00000, 0x0000000709c00000, 0x0000000709e00000|  0%| F|  |TAMS 0x0000000709c00000| PB 0x0000000709c00000| Untracked 
|  45|0x0000000709e00000, 0x0000000709e00000, 0x000000070a000000|  0%| F|  |TAMS 0x0000000709e00000| PB 0x0000000709e00000| Untracked 
|  46|0x000000070a000000, 0x000000070a000000, 0x000000070a200000|  0%| F|  |TAMS 0x000000070a000000| PB 0x000000070a000000| Untracked 
|  47|0x000000070a200000, 0x000000070a200000, 0x000000070a400000|  0%| F|  |TAMS 0x000000070a200000| PB 0x000000070a200000| Untracked 
|  48|0x000000070a400000, 0x000000070a400000, 0x000000070a600000|  0%| F|  |TAMS 0x000000070a400000| PB 0x000000070a400000| Untracked 
|  49|0x000000070a600000, 0x000000070a600000, 0x000000070a800000|  0%| F|  |TAMS 0x000000070a600000| PB 0x000000070a600000| Untracked 
|  50|0x000000070a800000, 0x000000070a800000, 0x000000070aa00000|  0%| F|  |TAMS 0x000000070a800000| PB 0x000000070a800000| Untracked 
|  51|0x000000070aa00000, 0x000000070aa00000, 0x000000070ac00000|  0%| F|  |TAMS 0x000000070aa00000| PB 0x000000070aa00000| Untracked 
|  52|0x000000070ac00000, 0x000000070ac00000, 0x000000070ae00000|  0%| F|  |TAMS 0x000000070ac00000| PB 0x000000070ac00000| Untracked 
|  53|0x000000070ae00000, 0x000000070ae00000, 0x000000070b000000|  0%| F|  |TAMS 0x000000070ae00000| PB 0x000000070ae00000| Untracked 
|  54|0x000000070b000000, 0x000000070b000000, 0x000000070b200000|  0%| F|  |TAMS 0x000000070b000000| PB 0x000000070b000000| Untracked 
|  55|0x000000070b200000, 0x000000070b200000, 0x000000070b400000|  0%| F|  |TAMS 0x000000070b200000| PB 0x000000070b200000| Untracked 
|  56|0x000000070b400000, 0x000000070b400000, 0x000000070b600000|  0%| F|  |TAMS 0x000000070b400000| PB 0x000000070b400000| Untracked 
|  57|0x000000070b600000, 0x000000070b600000, 0x000000070b800000|  0%| F|  |TAMS 0x000000070b600000| PB 0x000000070b600000| Untracked 
|  58|0x000000070b800000, 0x000000070b800000, 0x000000070ba00000|  0%| F|  |TAMS 0x000000070b800000| PB 0x000000070b800000| Untracked 
|  59|0x000000070ba00000, 0x000000070ba00000, 0x000000070bc00000|  0%| F|  |TAMS 0x000000070ba00000| PB 0x000000070ba00000| Untracked 
|  60|0x000000070bc00000, 0x000000070bc00000, 0x000000070be00000|  0%| F|  |TAMS 0x000000070bc00000| PB 0x000000070bc00000| Untracked 
|  61|0x000000070be00000, 0x000000070be00000, 0x000000070c000000|  0%| F|  |TAMS 0x000000070be00000| PB 0x000000070be00000| Untracked 
|  62|0x000000070c000000, 0x000000070c000000, 0x000000070c200000|  0%| F|  |TAMS 0x000000070c000000| PB 0x000000070c000000| Untracked 
|  63|0x000000070c200000, 0x000000070c200000, 0x000000070c400000|  0%| F|  |TAMS 0x000000070c200000| PB 0x000000070c200000| Untracked 
|  64|0x000000070c400000, 0x000000070c400000, 0x000000070c600000|  0%| F|  |TAMS 0x000000070c400000| PB 0x000000070c400000| Untracked 
|  65|0x000000070c600000, 0x000000070c600000, 0x000000070c800000|  0%| F|  |TAMS 0x000000070c600000| PB 0x000000070c600000| Untracked 
|  66|0x000000070c800000, 0x000000070c800000, 0x000000070ca00000|  0%| F|  |TAMS 0x000000070c800000| PB 0x000000070c800000| Untracked 
|  67|0x000000070ca00000, 0x000000070ca00000, 0x000000070cc00000|  0%| F|  |TAMS 0x000000070ca00000| PB 0x000000070ca00000| Untracked 
|  68|0x000000070cc00000, 0x000000070cc00000, 0x000000070ce00000|  0%| F|  |TAMS 0x000000070cc00000| PB 0x000000070cc00000| Untracked 
|  69|0x000000070ce00000, 0x000000070ce00000, 0x000000070d000000|  0%| F|  |TAMS 0x000000070ce00000| PB 0x000000070ce00000| Untracked 
|  70|0x000000070d000000, 0x000000070d000000, 0x000000070d200000|  0%| F|  |TAMS 0x000000070d000000| PB 0x000000070d000000| Untracked 
|  71|0x000000070d200000, 0x000000070d200000, 0x000000070d400000|  0%| F|  |TAMS 0x000000070d200000| PB 0x000000070d200000| Untracked 
|  72|0x000000070d400000, 0x000000070d400000, 0x000000070d600000|  0%| F|  |TAMS 0x000000070d400000| PB 0x000000070d400000| Untracked 
|  73|0x000000070d600000, 0x000000070d600000, 0x000000070d800000|  0%| F|  |TAMS 0x000000070d600000| PB 0x000000070d600000| Untracked 
|  74|0x000000070d800000, 0x000000070d800000, 0x000000070da00000|  0%| F|  |TAMS 0x000000070d800000| PB 0x000000070d800000| Untracked 
|  75|0x000000070da00000, 0x000000070da00000, 0x000000070dc00000|  0%| F|  |TAMS 0x000000070da00000| PB 0x000000070da00000| Untracked 
|  76|0x000000070dc00000, 0x000000070dc00000, 0x000000070de00000|  0%| F|  |TAMS 0x000000070dc00000| PB 0x000000070dc00000| Untracked 
|  77|0x000000070de00000, 0x000000070de00000, 0x000000070e000000|  0%| F|  |TAMS 0x000000070de00000| PB 0x000000070de00000| Untracked 
|  78|0x000000070e000000, 0x000000070e000000, 0x000000070e200000|  0%| F|  |TAMS 0x000000070e000000| PB 0x000000070e000000| Untracked 
|  79|0x000000070e200000, 0x000000070e200000, 0x000000070e400000|  0%| F|  |TAMS 0x000000070e200000| PB 0x000000070e200000| Untracked 
|  80|0x000000070e400000, 0x000000070e400000, 0x000000070e600000|  0%| F|  |TAMS 0x000000070e400000| PB 0x000000070e400000| Untracked 
|  81|0x000000070e600000, 0x000000070e600000, 0x000000070e800000|  0%| F|  |TAMS 0x000000070e600000| PB 0x000000070e600000| Untracked 
|  82|0x000000070e800000, 0x000000070e800000, 0x000000070ea00000|  0%| F|  |TAMS 0x000000070e800000| PB 0x000000070e800000| Untracked 
|  83|0x000000070ea00000, 0x000000070ea00000, 0x000000070ec00000|  0%| F|  |TAMS 0x000000070ea00000| PB 0x000000070ea00000| Untracked 
|  84|0x000000070ec00000, 0x000000070ec00000, 0x000000070ee00000|  0%| F|  |TAMS 0x000000070ec00000| PB 0x000000070ec00000| Untracked 
|  85|0x000000070ee00000, 0x000000070ee00000, 0x000000070f000000|  0%| F|  |TAMS 0x000000070ee00000| PB 0x000000070ee00000| Untracked 
|  86|0x000000070f000000, 0x000000070f000000, 0x000000070f200000|  0%| F|  |TAMS 0x000000070f000000| PB 0x000000070f000000| Untracked 
|  87|0x000000070f200000, 0x000000070f200000, 0x000000070f400000|  0%| F|  |TAMS 0x000000070f200000| PB 0x000000070f200000| Untracked 
|  88|0x000000070f400000, 0x000000070f400000, 0x000000070f600000|  0%| F|  |TAMS 0x000000070f400000| PB 0x000000070f400000| Untracked 
| 125|0x0000000713e00000, 0x0000000713e14958, 0x0000000714000000|  4%| E|  |TAMS 0x0000000713e00000| PB 0x0000000713e00000| Complete 
|2011|0x00000007ffa00000, 0x00000007ffc00000, 0x00000007ffc00000|100%| E|CS|TAMS 0x00000007ffa00000| PB 0x00000007ffa00000| Complete 
|2012|0x00000007ffc00000, 0x00000007ffe00000, 0x00000007ffe00000|100%| E|CS|TAMS 0x00000007ffc00000| PB 0x00000007ffc00000| Complete 
|2013|0x00000007ffe00000, 0x0000000800000000, 0x0000000800000000|100%| E|CS|TAMS 0x00000007ffe00000| PB 0x00000007ffe00000| Complete 

Card table byte_map: [0x00000222f0d50000,0x00000222f1530000] _byte_map_base: 0x00000222ed52e000

Marking Bits: (CMBitMap*) 0x00000222e466c390
 Bits: [0x00000222f1530000, 0x00000222f5420000)

Polling page: 0x00000222e23f0000

Metaspace:

Usage:
  Non-class:     90.45 MB used.
      Class:     15.30 MB used.
       Both:    105.75 MB used.

Virtual space:
  Non-class space:      128.00 MB reserved,      91.56 MB ( 72%) committed,  2 nodes.
      Class space:        1.00 GB reserved,      16.00 MB (  2%) committed,  1 nodes.
             Both:        1.12 GB reserved,     107.56 MB (  9%) committed. 

Chunk freelists:
   Non-Class:  4.96 MB
       Class:  356.00 KB
        Both:  5.30 MB

MaxMetaspaceSize: unlimited
CompressedClassSpaceSize: 1.00 GB
Initial GC threshold: 21.00 MB
Current GC threshold: 179.31 MB
CDS: on
 - commit_granule_bytes: 65536.
 - commit_granule_words: 8192.
 - virtual_space_node_default_size: 8388608.
 - enlarge_chunks_in_place: 1.
 - use_allocation_guard: 0.


Internal statistics:

num_allocs_failed_limit: 9.
num_arena_births: 1968.
num_arena_deaths: 704.
num_vsnodes_births: 3.
num_vsnodes_deaths: 0.
num_space_committed: 1721.
num_space_uncommitted: 0.
num_chunks_returned_to_freelist: 831.
num_chunks_taken_from_freelist: 5961.
num_chunk_merges: 232.
num_chunk_splits: 4268.
num_chunks_enlarged: 3267.
num_inconsistent_stats: 0.

CodeCache: size=49152Kb used=18685Kb max_used=22625Kb free=30466Kb
 bounds [0x00000222eccf0000, 0x00000222ee5d0000, 0x00000222efcf0000]
 total_blobs=11191, nmethods=10366, adapters=747, full_count=0
Compilation: enabled, stopped_count=0, restarted_count=0

Compilation events (20 events):
Event: 380.812 Thread 0x00000222f8728cb0 14415       1       org.apache.tomcat.util.threads.ThreadPoolExecutor::workerCountOf (5 bytes)
Event: 380.812 Thread 0x00000222f8728cb0 nmethod 14415 0x00000222edcbd290 code [0x00000222edcbd420, 0x00000222edcbd4d0]
Event: 405.726 Thread 0x00000222f8728cb0 14416       1       java.lang.invoke.LambdaForm$MH/0x0000022281fb4000::invoke (60 bytes)
Event: 405.727 Thread 0x00000222f8728cb0 nmethod 14416 0x00000222edd05090 code [0x00000222edd05280, 0x00000222edd05528]
Event: 446.188 Thread 0x00000222f8728cb0 14417       1       org.apache.catalina.core.ContainerBase::getBackgroundProcessorDelay (5 bytes)
Event: 446.188 Thread 0x00000222f8728cb0 nmethod 14417 0x00000222edd04d90 code [0x00000222edd04f20, 0x00000222edd04fe8]
Event: 446.188 Thread 0x00000222f8728cb0 14418       1       org.apache.catalina.valves.ValveBase::backgroundProcess (1 bytes)
Event: 446.188 Thread 0x00000222f8728cb0 nmethod 14418 0x00000222edd04a90 code [0x00000222edd04c20, 0x00000222edd04ce8]
Event: 456.199 Thread 0x00000222f8728cb0 14419       1       org.apache.catalina.loader.WebappLoader::getClassLoader (5 bytes)
Event: 456.200 Thread 0x00000222f8728cb0 nmethod 14419 0x00000222edd04790 code [0x00000222edd04920, 0x00000222edd049f0]
Event: 526.235 Thread 0x00000222f8728cb0 14420       1       org.apache.catalina.core.StandardContext::getThreadBindingListener (5 bytes)
Event: 526.235 Thread 0x00000222f8728cb0 nmethod 14420 0x00000222edd04490 code [0x00000222edd04620, 0x00000222edd046f0]
Event: 556.264 Thread 0x00000222f8728cb0 14421       1       java.util.HashMap$Values::toArray (16 bytes)
Event: 556.264 Thread 0x00000222f8728cb0 nmethod 14421 0x00000222edd04090 code [0x00000222edd04240, 0x00000222edd04368]
Event: 576.292 Thread 0x00000222f8728cb0 14422   !   1       org.apache.catalina.core.ContainerBase::findChildren (67 bytes)
Event: 576.293 Thread 0x00000222f8728cb0 nmethod 14422 0x00000222edd03590 code [0x00000222edd037c0, 0x00000222edd03ce8]
Event: 606.317 Thread 0x00000222f8728cb0 14423   !   1       org.apache.catalina.core.StandardContext::getLoader (38 bytes)
Event: 606.318 Thread 0x00000222f8728cb0 nmethod 14423 0x00000222edd02e10 code [0x00000222edd03000, 0x00000222edd03330]
Event: 610.395 Thread 0x00000222f8728cb0 14424       1       java.lang.ClassValue$Entry::isPromise (14 bytes)
Event: 610.395 Thread 0x00000222f8728cb0 nmethod 14424 0x00000222ed102a10 code [0x00000222ed102ba0, 0x00000222ed102c80]

GC Heap History (20 events):
Event: 17.900 GC heap before
{Heap before GC invocations=26 (full 0):
 garbage-first heap   total 190464K, used 156577K [0x0000000704400000, 0x0000000800000000)
  region size 2048K, 38 young (77824K), 3 survivors (6144K)
 Metaspace       used 84235K, committed 85120K, reserved 1179648K
  class space    used 12520K, committed 12928K, reserved 1048576K
}
Event: 17.903 GC heap after
{Heap after GC invocations=27 (full 0):
 garbage-first heap   total 190464K, used 82828K [0x0000000704400000, 0x0000000800000000)
  region size 2048K, 2 young (4096K), 2 survivors (4096K)
 Metaspace       used 84235K, committed 85120K, reserved 1179648K
  class space    used 12520K, committed 12928K, reserved 1048576K
}
Event: 19.408 GC heap before
{Heap before GC invocations=28 (full 0):
 garbage-first heap   total 190464K, used 156556K [0x0000000704400000, 0x0000000800000000)
  region size 2048K, 40 young (81920K), 2 survivors (4096K)
 Metaspace       used 91322K, committed 92224K, reserved 1179648K
  class space    used 13185K, committed 13568K, reserved 1048576K
}
Event: 19.414 GC heap after
{Heap after GC invocations=29 (full 0):
 garbage-first heap   total 190464K, used 83754K [0x0000000704400000, 0x0000000800000000)
  region size 2048K, 4 young (8192K), 4 survivors (8192K)
 Metaspace       used 91322K, committed 92224K, reserved 1179648K
  class space    used 13185K, committed 13568K, reserved 1048576K
}
Event: 19.724 GC heap before
{Heap before GC invocations=29 (full 0):
 garbage-first heap   total 190464K, used 163626K [0x0000000704400000, 0x0000000800000000)
  region size 2048K, 43 young (88064K), 4 survivors (8192K)
 Metaspace       used 91401K, committed 92288K, reserved 1179648K
  class space    used 13193K, committed 13568K, reserved 1048576K
}
Event: 19.731 GC heap after
{Heap after GC invocations=30 (full 0):
 garbage-first heap   total 190464K, used 80669K [0x0000000704400000, 0x0000000800000000)
  region size 2048K, 4 young (8192K), 4 survivors (8192K)
 Metaspace       used 91401K, committed 92288K, reserved 1179648K
  class space    used 13193K, committed 13568K, reserved 1048576K
}
Event: 20.012 GC heap before
{Heap before GC invocations=30 (full 0):
 garbage-first heap   total 190464K, used 166685K [0x0000000704400000, 0x0000000800000000)
  region size 2048K, 46 young (94208K), 4 survivors (8192K)
 Metaspace       used 91476K, committed 92352K, reserved 1179648K
  class space    used 13211K, committed 13568K, reserved 1048576K
}
Event: 20.017 GC heap after
{Heap after GC invocations=31 (full 0):
 garbage-first heap   total 190464K, used 82156K [0x0000000704400000, 0x0000000800000000)
  region size 2048K, 4 young (8192K), 4 survivors (8192K)
 Metaspace       used 91476K, committed 92352K, reserved 1179648K
  class space    used 13211K, committed 13568K, reserved 1048576K
}
Event: 20.989 GC heap before
{Heap before GC invocations=32 (full 0):
 garbage-first heap   total 190464K, used 164076K [0x0000000704400000, 0x0000000800000000)
  region size 2048K, 46 young (94208K), 4 survivors (8192K)
 Metaspace       used 93330K, committed 94272K, reserved 1179648K
  class space    used 13481K, committed 13888K, reserved 1048576K
}
Event: 20.995 GC heap after
{Heap after GC invocations=33 (full 0):
 garbage-first heap   total 190464K, used 80412K [0x0000000704400000, 0x0000000800000000)
  region size 2048K, 3 young (6144K), 3 survivors (6144K)
 Metaspace       used 93330K, committed 94272K, reserved 1179648K
  class space    used 13481K, committed 13888K, reserved 1048576K
}
Event: 47.273 GC heap before
{Heap before GC invocations=33 (full 0):
 garbage-first heap   total 190464K, used 168476K [0x0000000704400000, 0x0000000800000000)
  region size 2048K, 47 young (96256K), 3 survivors (6144K)
 Metaspace       used 99010K, committed 100160K, reserved 1179648K
  class space    used 14369K, committed 14912K, reserved 1048576K
}
Event: 47.281 GC heap after
{Heap after GC invocations=34 (full 0):
 garbage-first heap   total 190464K, used 81470K [0x0000000704400000, 0x0000000800000000)
  region size 2048K, 5 young (10240K), 5 survivors (10240K)
 Metaspace       used 99010K, committed 100160K, reserved 1179648K
  class space    used 14369K, committed 14912K, reserved 1048576K
}
Event: 85.084 GC heap before
{Heap before GC invocations=34 (full 0):
 garbage-first heap   total 190464K, used 136766K [0x0000000704400000, 0x0000000800000000)
  region size 2048K, 33 young (67584K), 5 survivors (10240K)
 Metaspace       used 105188K, committed 106368K, reserved 1179648K
  class space    used 15280K, committed 15808K, reserved 1048576K
}
Event: 85.093 GC heap after
{Heap after GC invocations=35 (full 0):
 garbage-first heap   total 190464K, used 84131K [0x0000000704400000, 0x0000000800000000)
  region size 2048K, 5 young (10240K), 5 survivors (10240K)
 Metaspace       used 105188K, committed 106368K, reserved 1179648K
  class space    used 15280K, committed 15808K, reserved 1048576K
}
Event: 225.721 GC heap before
{Heap before GC invocations=36 (full 0):
 garbage-first heap   total 190464K, used 166051K [0x0000000704400000, 0x0000000800000000)
  region size 2048K, 45 young (92160K), 5 survivors (10240K)
 Metaspace       used 108866K, committed 110080K, reserved 1179648K
  class space    used 15821K, committed 16384K, reserved 1048576K
}
Event: 225.728 GC heap after
{Heap after GC invocations=37 (full 0):
 garbage-first heap   total 190464K, used 85716K [0x0000000704400000, 0x0000000800000000)
  region size 2048K, 4 young (8192K), 4 survivors (8192K)
 Metaspace       used 108866K, committed 110080K, reserved 1179648K
  class space    used 15821K, committed 16384K, reserved 1048576K
}
Event: 388.758 GC heap before
{Heap before GC invocations=37 (full 0):
 garbage-first heap   total 190464K, used 167636K [0x0000000704400000, 0x0000000800000000)
  region size 2048K, 44 young (90112K), 4 survivors (8192K)
 Metaspace       used 108946K, committed 110144K, reserved 1179648K
  class space    used 15834K, committed 16384K, reserved 1048576K
}
Event: 388.777 GC heap after
{Heap after GC invocations=38 (full 0):
 garbage-first heap   total 190464K, used 72010K [0x0000000704400000, 0x0000000800000000)
  region size 2048K, 2 young (4096K), 2 survivors (4096K)
 Metaspace       used 108946K, committed 110144K, reserved 1179648K
  class space    used 15834K, committed 16384K, reserved 1048576K
}
Event: 609.696 GC heap before
{Heap before GC invocations=38 (full 0):
 garbage-first heap   total 190464K, used 172362K [0x0000000704400000, 0x0000000800000000)
  region size 2048K, 51 young (104448K), 2 survivors (4096K)
 Metaspace       used 108946K, committed 110144K, reserved 1179648K
  class space    used 15834K, committed 16384K, reserved 1048576K
}
Event: 609.717 GC heap after
{Heap after GC invocations=39 (full 0):
 garbage-first heap   total 190464K, used 71485K [0x0000000704400000, 0x0000000800000000)
  region size 2048K, 2 young (4096K), 2 survivors (4096K)
 Metaspace       used 108946K, committed 110144K, reserved 1179648K
  class space    used 15834K, committed 16384K, reserved 1048576K
}

Dll operation events (11 events):
Event: 0.013 Loaded shared library C:\Users\anh01\.jdks\ms-21.0.8\bin\java.dll
Event: 0.130 Loaded shared library C:\Users\anh01\.jdks\ms-21.0.8\bin\zip.dll
Event: 0.135 Loaded shared library C:\Users\anh01\.jdks\ms-21.0.8\bin\instrument.dll
Event: 0.141 Loaded shared library C:\Users\anh01\.jdks\ms-21.0.8\bin\net.dll
Event: 0.143 Loaded shared library C:\Users\anh01\.jdks\ms-21.0.8\bin\nio.dll
Event: 0.146 Loaded shared library C:\Users\anh01\.jdks\ms-21.0.8\bin\zip.dll
Event: 0.274 Loaded shared library C:\Users\anh01\.jdks\ms-21.0.8\bin\extnet.dll
Event: 0.286 Loaded shared library C:\Users\anh01\.jdks\ms-21.0.8\bin\jimage.dll
Event: 0.305 Loaded shared library C:\Users\anh01\.jdks\ms-21.0.8\bin\management.dll
Event: 0.321 Loaded shared library C:\Users\anh01\.jdks\ms-21.0.8\bin\management_ext.dll
Event: 2.272 Loaded shared library C:\Users\anh01\.jdks\ms-21.0.8\bin\sunmscapi.dll

Deoptimization events (4 events):
Event: 1.059 Thread 0x00000222e46045a0 DEOPT PACKING pc=0x00000222ed23c12c sp=0x000000e17acfe420
Event: 1.059 Thread 0x00000222e46045a0 DEOPT UNPACKING pc=0x00000222ecd44e42 sp=0x000000e17acfd950 mode 0
Event: 19.152 Thread 0x00000222fdc1dfc0 DEOPT PACKING pc=0x00000222edc132bc sp=0x000000e17d3fe8e0
Event: 19.152 Thread 0x00000222fdc1dfc0 DEOPT UNPACKING pc=0x00000222ecd44e42 sp=0x000000e17d3fdd78 mode 0

Classes loaded (20 events):
Event: 97.951 Loading class java/nio/HeapByteBufferR
Event: 97.953 Loading class java/nio/HeapByteBufferR done
Event: 98.005 Loading class java/io/OutputStream$1
Event: 98.005 Loading class java/io/OutputStream$1 done
Event: 280.226 Loading class sun/security/ssl/PreSharedKeyExtension$PskIdentity
Event: 280.226 Loading class sun/security/ssl/PreSharedKeyExtension$PskIdentity done
Event: 280.227 Loading class sun/security/ssl/PreSharedKeyExtension$CHPreSharedKeySpec
Event: 280.227 Loading class sun/security/ssl/PreSharedKeyExtension$CHPreSharedKeySpec done
Event: 280.227 Loading class sun/security/ssl/PreSharedKeyExtension$PartialClientHelloMessage
Event: 280.227 Loading class sun/security/ssl/PreSharedKeyExtension$PartialClientHelloMessage done
Event: 281.503 Loading class sun/security/ssl/Alert
Event: 281.504 Loading class sun/security/ssl/Alert done
Event: 281.505 Loading class sun/security/ssl/Alert$AlertConsumer
Event: 281.506 Loading class sun/security/ssl/Alert$AlertConsumer done
Event: 281.506 Loading class sun/security/ssl/Alert$AlertMessage
Event: 281.506 Loading class sun/security/ssl/Alert$AlertMessage done
Event: 281.506 Loading class sun/security/ssl/Alert$Level
Event: 281.506 Loading class sun/security/ssl/Alert$Level done
Event: 622.159 Loading class java/lang/Throwable$WrappedPrintStream
Event: 622.160 Loading class java/lang/Throwable$WrappedPrintStream done

Classes unloaded (20 events):
Event: 609.765 Thread 0x00000222f7f88240 Unloading class 0x000002228100e400 'java/lang/invoke/LambdaForm$DMH+0x000002228100e400'
Event: 609.765 Thread 0x00000222f7f88240 Unloading class 0x000002228100d800 'java/lang/invoke/LambdaForm$DMH+0x000002228100d800'
Event: 609.765 Thread 0x00000222f7f88240 Unloading class 0x000002228100d400 'java/lang/invoke/LambdaForm$DMH+0x000002228100d400'
Event: 609.765 Thread 0x00000222f7f88240 Unloading class 0x000002228100c800 'java/lang/invoke/LambdaForm$MH+0x000002228100c800'
Event: 609.765 Thread 0x00000222f7f88240 Unloading class 0x000002228100bc00 'java/lang/invoke/LambdaForm$MH+0x000002228100bc00'
Event: 609.765 Thread 0x00000222f7f88240 Unloading class 0x000002228100b800 'java/lang/invoke/LambdaForm$MH+0x000002228100b800'
Event: 609.765 Thread 0x00000222f7f88240 Unloading class 0x000002228100b400 'java/lang/invoke/LambdaForm$MH+0x000002228100b400'
Event: 609.765 Thread 0x00000222f7f88240 Unloading class 0x000002228100ac00 'java/lang/invoke/LambdaForm$MH+0x000002228100ac00'
Event: 609.765 Thread 0x00000222f7f88240 Unloading class 0x000002228100a000 'java/lang/invoke/LambdaForm$MH+0x000002228100a000'
Event: 609.765 Thread 0x00000222f7f88240 Unloading class 0x0000022281008c00 'java/lang/invoke/LambdaForm$MH+0x0000022281008c00'
Event: 609.765 Thread 0x00000222f7f88240 Unloading class 0x0000022281008800 'java/lang/invoke/LambdaForm$MH+0x0000022281008800'
Event: 609.765 Thread 0x00000222f7f88240 Unloading class 0x0000022281008000 'java/lang/invoke/LambdaForm$MH+0x0000022281008000'
Event: 609.765 Thread 0x00000222f7f88240 Unloading class 0x0000022281007400 'java/lang/invoke/LambdaForm$MH+0x0000022281007400'
Event: 609.765 Thread 0x00000222f7f88240 Unloading class 0x0000022281006c00 'java/lang/invoke/LambdaForm$MH+0x0000022281006c00'
Event: 609.765 Thread 0x00000222f7f88240 Unloading class 0x0000022281006400 'java/lang/invoke/LambdaForm$MH+0x0000022281006400'
Event: 609.766 Thread 0x00000222f7f88240 Unloading class 0x0000022281005400 'java/lang/invoke/LambdaForm$MH+0x0000022281005400'
Event: 609.766 Thread 0x00000222f7f88240 Unloading class 0x0000022281002400 'java/lang/invoke/LambdaForm$MH+0x0000022281002400'
Event: 609.766 Thread 0x00000222f7f88240 Unloading class 0x0000022281002000 'java/lang/invoke/LambdaForm$MH+0x0000022281002000'
Event: 609.766 Thread 0x00000222f7f88240 Unloading class 0x0000022281001c00 'java/lang/invoke/LambdaForm$MH+0x0000022281001c00'
Event: 609.766 Thread 0x00000222f7f88240 Unloading class 0x0000022281001400 'java/lang/invoke/LambdaForm$MH+0x0000022281001400'

Classes redefined (0 events):
No events

Internal exceptions (20 events):
Event: 23.447 Thread 0x00000222fdc20db0 Exception <a 'java/lang/NoSuchMethodError'{0x000000070c1c7590}: 'void java.lang.invoke.Invokers$Holder.invoke_MT(java.lang.Object, java.lang.Object, java.lang.Object, java.lang.Object)'> (0x000000070c1c7590) 
thrown [s\src\hotspot\share\interpreter\linkResolver.cpp, line 773]
Event: 23.447 Thread 0x00000222fdc20db0 Exception <a 'java/lang/NoSuchMethodError'{0x000000070c1cbc00}: 'int java.lang.invoke.DirectMethodHandle$Holder.invokeSpecial(java.lang.Object, java.lang.Object, int, java.lang.Object)'> (0x000000070c1cbc00) 
thrown [s\src\hotspot\share\interpreter\linkResolver.cpp, line 773]
Event: 23.543 Thread 0x00000222fdc20db0 Exception <a 'java/lang/IncompatibleClassChangeError'{0x000000070bf33ad0}: Found class java.lang.Object, but interface was expected> (0x000000070bf33ad0) 
thrown [s\src\hotspot\share\interpreter\linkResolver.cpp, line 840]
Event: 23.672 Thread 0x00000222fdc20db0 Exception <a 'java/lang/IncompatibleClassChangeError'{0x000000070bca4668}: Found class java.lang.Object, but interface was expected> (0x000000070bca4668) 
thrown [s\src\hotspot\share\interpreter\linkResolver.cpp, line 840]
Event: 24.218 Thread 0x00000222fdc20db0 Exception <a 'java/lang/NoSuchMethodError'{0x000000070b767fa0}: 'void java.lang.invoke.Invokers$Holder.invokeExact_MT(java.lang.Object, java.lang.Object, int, java.lang.Object)'> (0x000000070b767fa0) 
thrown [s\src\hotspot\share\interpreter\linkResolver.cpp, line 773]
Event: 24.832 Thread 0x00000222f8829b10 Exception <a 'java/lang/NoSuchMethodError'{0x000000070b18a808}: 'java.lang.Object java.lang.invoke.DirectMethodHandle$Holder.invokeInterface(java.lang.Object, java.lang.Object, java.lang.Object, java.lang.Object, java.lang.Object, java.lang.Object, java.lang.Object)'> (0x000000070b18a808) 
thrown [s\src\hotspot\share\interpreter\linkResolver.cpp, line 773]
Event: 59.375 Thread 0x00000222fdc1d930 Exception <a 'java/lang/NoSuchMethodError'{0x0000000713eb3a38}: 'java.lang.Object java.lang.invoke.DirectMethodHandle$Holder.invokeStatic(java.lang.Object, java.lang.Object, java.lang.Object, int, int)'> (0x0000000713eb3a38) 
thrown [s\src\hotspot\share\interpreter\linkResolver.cpp, line 773]
Event: 59.376 Thread 0x00000222fdc1d930 Exception <a 'java/lang/NoSuchMethodError'{0x0000000713eb6d90}: 'java.lang.Object java.lang.invoke.DirectMethodHandle$Holder.invokeStaticInit(java.lang.Object, java.lang.Object, java.lang.Object, int, int)'> (0x0000000713eb6d90) 
thrown [s\src\hotspot\share\interpreter\linkResolver.cpp, line 773]
Event: 59.439 Thread 0x00000222c156ab50 Exception <a 'java/lang/NoSuchMethodError'{0x000000070f458d50}: 'java.lang.Object java.lang.invoke.DirectMethodHandle$Holder.invokeSpecial(java.lang.Object, java.lang.Object, java.lang.Object, java.lang.Object, java.lang.Object, long)'> (0x000000070f458d50) 
thrown [s\src\hotspot\share\interpreter\linkResolver.cpp, line 773]
Event: 59.439 Thread 0x00000222c156ab50 Exception <a 'java/lang/NoSuchMethodError'{0x000000070f45c530}: 'java.lang.Object java.lang.invoke.Invokers$Holder.linkToTargetMethod(java.lang.Object, java.lang.Object, java.lang.Object, long, java.lang.Object)'> (0x000000070f45c530) 
thrown [s\src\hotspot\share\interpreter\linkResolver.cpp, line 773]
Event: 59.962 Thread 0x00000222c156d940 Exception <a 'java/lang/IncompatibleClassChangeError'{0x000000070e202050}: Found class java.lang.Object, but interface was expected> (0x000000070e202050) 
thrown [s\src\hotspot\share\interpreter\linkResolver.cpp, line 840]
Event: 60.143 Thread 0x00000222c156d940 Exception <a 'java/lang/IncompatibleClassChangeError'{0x000000070e392300}: Found class java.lang.Object, but interface was expected> (0x000000070e392300) 
thrown [s\src\hotspot\share\interpreter\linkResolver.cpp, line 840]
Event: 60.143 Thread 0x00000222c156d940 Exception <a 'java/lang/IncompatibleClassChangeError'{0x000000070e394890}: Found class java.lang.Object, but interface was expected> (0x000000070e394890) 
thrown [s\src\hotspot\share\interpreter\linkResolver.cpp, line 840]
Event: 60.147 Thread 0x00000222c156d940 Exception <a 'java/lang/IncompatibleClassChangeError'{0x000000070e3a02c0}: Found class java.lang.Object, but interface was expected> (0x000000070e3a02c0) 
thrown [s\src\hotspot\share\interpreter\linkResolver.cpp, line 840]
Event: 60.152 Thread 0x00000222c156d940 Exception <a 'java/lang/IncompatibleClassChangeError'{0x000000070e3b59d8}: Found class java.lang.Object, but interface was expected> (0x000000070e3b59d8) 
thrown [s\src\hotspot\share\interpreter\linkResolver.cpp, line 840]
Event: 77.803 Thread 0x00000222c156bf00 Exception <a 'java/lang/IncompatibleClassChangeError'{0x000000070cc795a8}: Found class java.lang.Object, but interface was expected> (0x000000070cc795a8) 
thrown [s\src\hotspot\share\interpreter\linkResolver.cpp, line 840]
Event: 93.994 Thread 0x00000222c156d2b0 Exception <a 'java/lang/IncompatibleClassChangeError'{0x000000070f297490}: Found class java.lang.Object, but interface was expected> (0x000000070f297490) 
thrown [s\src\hotspot\share\interpreter\linkResolver.cpp, line 840]
Event: 96.286 Thread 0x00000222c156ab50 Exception <a 'java/lang/NoSuchMethodError'{0x000000070ee1d850}: 'void java.lang.invoke.DirectMethodHandle$Holder.invokeStatic(java.lang.Object, java.lang.Object, java.lang.Object, java.lang.Object, java.lang.Object, java.lang.Object, java.lang.Object)'> (0x000000070ee1d850) 
thrown [s\src\hotspot\share\interpreter\linkResolver.cpp, line 773]
Event: 280.159 Thread 0x00000222c156c590 Exception <a 'java/lang/NoSuchMethodError'{0x000000070e2a2d98}: 'java.lang.Object java.lang.invoke.Invokers$Holder.invoker(java.lang.Object, java.lang.Object, java.lang.Object, java.lang.Object, java.lang.Object, java.lang.Object, java.lang.Object, java.lang.Object, java.lang.Object, java.lang.Object, java.lang.Object, java.lang.Object)'> (0x000000070e2a2d98) 
thrown [s\src\hotspot\share\interpreter\linkResolver.cpp, line 773]
Event: 280.498 Thread 0x00000222c2f134f0 Exception <a 'java/lang/NoSuchMethodError'{0x000000070e3ba478}: 'java.lang.Object java.lang.invoke.DirectMethodHandle$Holder.newInvokeSpecial(java.lang.Object, java.lang.Object, long, java.lang.Object)'> (0x000000070e3ba478) 
thrown [s\src\hotspot\share\interpreter\linkResolver.cpp, line 773]

ZGC Phase Switch (0 events):
No events

VM Operations (20 events):
Event: 320.842 Executing VM operation: Cleanup
Event: 320.842 Executing VM operation: Cleanup done
Event: 351.163 Executing VM operation: Cleanup
Event: 351.163 Executing VM operation: Cleanup done
Event: 360.650 Executing VM operation: HandshakeAllThreads (HandshakeForDeflation)
Event: 360.650 Executing VM operation: HandshakeAllThreads (HandshakeForDeflation) done
Event: 360.650 Executing VM operation: RendezvousGCThreads
Event: 360.650 Executing VM operation: RendezvousGCThreads done
Event: 380.859 Executing VM operation: Cleanup
Event: 380.859 Executing VM operation: Cleanup done
Event: 388.758 Executing VM operation: G1CollectForAllocation (G1 Evacuation Pause)
Event: 388.777 Executing VM operation: G1CollectForAllocation (G1 Evacuation Pause) done
Event: 609.696 Executing VM operation: G1CollectForAllocation (G1 Evacuation Pause)
Event: 609.717 Executing VM operation: G1CollectForAllocation (G1 Evacuation Pause) done
Event: 609.761 Executing VM operation: G1PauseRemark
Event: 609.848 Executing VM operation: G1PauseRemark done
Event: 609.894 Executing VM operation: G1PauseCleanup
Event: 609.894 Executing VM operation: G1PauseCleanup done
Event: 610.903 Executing VM operation: Cleanup
Event: 610.903 Executing VM operation: Cleanup done

Memory protections (0 events):
No events

Nmethod flushes (20 events):
Event: 609.833 Thread 0x00000222f7f88240 flushing  nmethod 0x00000222ed657010
Event: 609.833 Thread 0x00000222f7f88240 flushing  nmethod 0x00000222ed810110
Event: 609.833 Thread 0x00000222f7f88240 flushing  nmethod 0x00000222ed8b8490
Event: 609.833 Thread 0x00000222f7f88240 flushing  nmethod 0x00000222ed8e2f90
Event: 609.833 Thread 0x00000222f7f88240 flushing  nmethod 0x00000222ed916910
Event: 609.833 Thread 0x00000222f7f88240 flushing  nmethod 0x00000222ed91f290
Event: 609.833 Thread 0x00000222f7f88240 flushing  nmethod 0x00000222ecf46010
Event: 609.833 Thread 0x00000222f7f88240 flushing  nmethod 0x00000222ecf95c10
Event: 609.833 Thread 0x00000222f7f88240 flushing  nmethod 0x00000222ecf99a10
Event: 609.833 Thread 0x00000222f7f88240 flushing  nmethod 0x00000222ed58a210
Event: 609.833 Thread 0x00000222f7f88240 flushing  nmethod 0x00000222ed58ba90
Event: 609.833 Thread 0x00000222f7f88240 flushing  nmethod 0x00000222eda37610
Event: 609.833 Thread 0x00000222f7f88240 flushing  nmethod 0x00000222edf07b90
Event: 609.833 Thread 0x00000222f7f88240 flushing  nmethod 0x00000222ed4c7310
Event: 609.833 Thread 0x00000222f7f88240 flushing  nmethod 0x00000222ed69d990
Event: 609.833 Thread 0x00000222f7f88240 flushing  nmethod 0x00000222eda86010
Event: 609.833 Thread 0x00000222f7f88240 flushing  nmethod 0x00000222ed217210
Event: 609.833 Thread 0x00000222f7f88240 flushing  nmethod 0x00000222ed262f10
Event: 609.833 Thread 0x00000222f7f88240 flushing  nmethod 0x00000222ed743e90
Event: 609.833 Thread 0x00000222f7f88240 flushing  nmethod 0x00000222edf74990

Events (20 events):
Event: 293.652 Thread 0x00000222c2f127d0 Thread added: 0x00000222c2f14210
Event: 293.655 Thread 0x00000222c2f14210 Thread exited: 0x00000222c2f14210
Event: 296.984 Thread 0x00000222c2ed2ab0 Thread exited: 0x00000222c2ed2ab0
Event: 297.014 Thread 0x00000222c2f127d0 Thread added: 0x00000222c2f11ab0
Event: 297.016 Thread 0x00000222c2f11ab0 Thread exited: 0x00000222c2f11ab0
Event: 299.339 Thread 0x00000222f8728cb0 Thread added: 0x00000222c2ed5a60
Event: 300.988 Thread 0x00000222c2f127d0 Thread added: 0x00000222c2f14210
Event: 300.991 Thread 0x00000222c2f14210 Thread exited: 0x00000222c2f14210
Event: 306.087 Thread 0x00000222c2ed5a60 Thread exited: 0x00000222c2ed5a60
Event: 307.832 Thread 0x00000222c2f127d0 Thread added: 0x00000222c2f11ab0
Event: 307.833 Thread 0x00000222c2f11ab0 Thread exited: 0x00000222c2f11ab0
Event: 310.542 Thread 0x00000222c2f127d0 Thread added: 0x00000222c2f14210
Event: 310.544 Thread 0x00000222c2f14210 Thread exited: 0x00000222c2f14210
Event: 320.066 Thread 0x00000222c2f127d0 Thread added: 0x00000222c2f14210
Event: 320.068 Thread 0x00000222c2f14210 Thread exited: 0x00000222c2f14210
Event: 340.233 Thread 0x00000222c2f10070 Thread exited: 0x00000222c2f10070
Event: 340.233 Thread 0x00000222c2f13b80 Thread exited: 0x00000222c2f13b80
Event: 340.513 Thread 0x00000222c2f134f0 Thread exited: 0x00000222c2f134f0
Event: 380.203 Thread 0x00000222c2f12e60 Thread exited: 0x00000222c2f12e60
Event: 380.220 Thread 0x00000222c2f127d0 Thread exited: 0x00000222c2f127d0


Dynamic libraries:
0x00007ff6c15d0000 - 0x00007ff6c15de000 	C:\Users\anh01\.jdks\ms-21.0.8\bin\java.exe
0x00007ffdac6e0000 - 0x00007ffdac948000 	C:\WINDOWS\SYSTEM32\ntdll.dll
0x00007ffdaa6b0000 - 0x00007ffdaa779000 	C:\WINDOWS\System32\KERNEL32.DLL
0x00007ffda8fc0000 - 0x00007ffda93b1000 	C:\WINDOWS\System32\KERNELBASE.dll
0x00007ffda9470000 - 0x00007ffda95bb000 	C:\WINDOWS\System32\ucrtbase.dll
0x00007ffd91b20000 - 0x00007ffd91b38000 	C:\Users\anh01\.jdks\ms-21.0.8\bin\jli.dll
0x00007ffd7cc70000 - 0x00007ffd7cc8e000 	C:\Users\anh01\.jdks\ms-21.0.8\bin\VCRUNTIME140.dll
0x00007ffdab4f0000 - 0x00007ffdab6b6000 	C:\WINDOWS\System32\USER32.dll
0x00007ffda9840000 - 0x00007ffda9867000 	C:\WINDOWS\System32\win32u.dll
0x00007ffd8eeb0000 - 0x00007ffd8f143000 	C:\WINDOWS\WinSxS\amd64_microsoft.windows.common-controls_6595b64144ccf1df_6.0.26100.7824_none_3e0870b2e3345462\COMCTL32.dll
0x00007ffdab180000 - 0x00007ffdab1ab000 	C:\WINDOWS\System32\GDI32.dll
0x00007ffdab840000 - 0x00007ffdab8e9000 	C:\WINDOWS\System32\msvcrt.dll
0x00007ffda95c0000 - 0x00007ffda96eb000 	C:\WINDOWS\System32\gdi32full.dll
0x00007ffda93c0000 - 0x00007ffda9463000 	C:\WINDOWS\System32\msvcp_win.dll
0x00007ffdab9b0000 - 0x00007ffdab9e1000 	C:\WINDOWS\System32\IMM32.DLL
0x00007ffd7b650000 - 0x00007ffd7b65c000 	C:\Users\anh01\.jdks\ms-21.0.8\bin\vcruntime140_1.dll
0x00007ffd2b450000 - 0x00007ffd2b4d9000 	C:\Users\anh01\.jdks\ms-21.0.8\bin\msvcp140.dll
0x00007ffd22370000 - 0x00007ffd2311c000 	C:\Users\anh01\.jdks\ms-21.0.8\bin\server\jvm.dll
0x00007ffdab8f0000 - 0x00007ffdab9a4000 	C:\WINDOWS\System32\ADVAPI32.dll
0x00007ffdaa780000 - 0x00007ffdaa826000 	C:\WINDOWS\System32\sechost.dll
0x00007ffdaae60000 - 0x00007ffdaaf78000 	C:\WINDOWS\System32\RPCRT4.dll
0x00007ffdab2f0000 - 0x00007ffdab364000 	C:\WINDOWS\System32\WS2_32.dll
0x00007ffda7b90000 - 0x00007ffda7bee000 	C:\WINDOWS\SYSTEM32\POWRPROF.dll
0x00007ffd994a0000 - 0x00007ffd994ab000 	C:\WINDOWS\SYSTEM32\VERSION.dll
0x00007ffd9dee0000 - 0x00007ffd9df15000 	C:\WINDOWS\SYSTEM32\WINMM.dll
0x00007ffda7b70000 - 0x00007ffda7b84000 	C:\WINDOWS\SYSTEM32\UMPDC.dll
0x00007ffda7e40000 - 0x00007ffda7e5b000 	C:\WINDOWS\SYSTEM32\kernel.appcore.dll
0x00007ffd7b640000 - 0x00007ffd7b64a000 	C:\Users\anh01\.jdks\ms-21.0.8\bin\jimage.dll
0x00007ffda6ff0000 - 0x00007ffda7232000 	C:\WINDOWS\SYSTEM32\DBGHELP.DLL
0x00007ffdaba50000 - 0x00007ffdabdd6000 	C:\WINDOWS\System32\combase.dll
0x00007ffdab370000 - 0x00007ffdab447000 	C:\WINDOWS\System32\OLEAUT32.dll
0x00007ffd92e80000 - 0x00007ffd92ebb000 	C:\WINDOWS\SYSTEM32\dbgcore.DLL
0x00007ffda9870000 - 0x00007ffda9915000 	C:\WINDOWS\System32\bcryptPrimitives.dll
0x00007ffd786e0000 - 0x00007ffd786f0000 	C:\Users\anh01\.jdks\ms-21.0.8\bin\instrument.dll
0x00007ffd79910000 - 0x00007ffd79931000 	C:\Users\anh01\.jdks\ms-21.0.8\bin\java.dll
0x00007ffdabde0000 - 0x00007ffdac532000 	C:\WINDOWS\System32\SHELL32.dll
0x00007ffdaa190000 - 0x00007ffdaa2fa000 	C:\WINDOWS\System32\wintypes.dll
0x00007ffda9920000 - 0x00007ffdaa183000 	C:\WINDOWS\System32\windows.storage.dll
0x00007ffdab730000 - 0x00007ffdab826000 	C:\WINDOWS\System32\SHCORE.dll
0x00007ffdab6c0000 - 0x00007ffdab727000 	C:\WINDOWS\System32\shlwapi.dll
0x00007ffda8ee0000 - 0x00007ffda8f09000 	C:\WINDOWS\SYSTEM32\profapi.dll
0x00007ffd73d00000 - 0x00007ffd73d18000 	C:\Users\anh01\.jdks\ms-21.0.8\bin\zip.dll
0x00007ffd798f0000 - 0x00007ffd79901000 	C:\Users\anh01\.jdks\ms-21.0.8\bin\net.dll
0x00007ffda1ca0000 - 0x00007ffda1dc7000 	C:\WINDOWS\SYSTEM32\WINHTTP.dll
0x00007ffda8390000 - 0x00007ffda83fb000 	C:\WINDOWS\system32\mswsock.dll
0x00007ffd798b0000 - 0x00007ffd798c6000 	C:\Users\anh01\.jdks\ms-21.0.8\bin\nio.dll
0x00007ffd6f330000 - 0x00007ffd6f339000 	C:\Users\anh01\.jdks\ms-21.0.8\bin\extnet.dll
0x00007ffda7840000 - 0x00007ffda796c000 	C:\WINDOWS\SYSTEM32\DNSAPI.dll
0x00007ffda77b0000 - 0x00007ffda77e4000 	C:\WINDOWS\SYSTEM32\IPHLPAPI.DLL
0x00007ffdac540000 - 0x00007ffdac54a000 	C:\WINDOWS\System32\NSI.dll
0x00007ffda1b60000 - 0x00007ffda1b6b000 	C:\Windows\System32\rasadhlp.dll
0x00007ffda13b0000 - 0x00007ffda1436000 	C:\WINDOWS\System32\fwpuclnt.dll
0x00007ffd6e810000 - 0x00007ffd6e81a000 	C:\Users\anh01\.jdks\ms-21.0.8\bin\management.dll
0x00007ffd6a550000 - 0x00007ffd6a55c000 	C:\Users\anh01\.jdks\ms-21.0.8\bin\management_ext.dll
0x00007ffdab830000 - 0x00007ffdab838000 	C:\WINDOWS\System32\PSAPI.DLL
0x00007ffda8780000 - 0x00007ffda879b000 	C:\WINDOWS\SYSTEM32\CRYPTSP.dll
0x00007ffda7da0000 - 0x00007ffda7dd9000 	C:\WINDOWS\system32\rsaenh.dll
0x00007ffda8440000 - 0x00007ffda846b000 	C:\WINDOWS\SYSTEM32\USERENV.dll
0x00007ffda8eb0000 - 0x00007ffda8eda000 	C:\WINDOWS\SYSTEM32\bcrypt.dll
0x00007ffda85e0000 - 0x00007ffda85ec000 	C:\WINDOWS\SYSTEM32\CRYPTBASE.dll
0x00007ffd75aa0000 - 0x00007ffd75ab8000 	C:\WINDOWS\system32\napinsp.dll
0x00007ffd75790000 - 0x00007ffd757a2000 	C:\WINDOWS\System32\winrnr.dll
0x00007ffd75db0000 - 0x00007ffd75dd2000 	C:\WINDOWS\system32\nlansp_c.dll
0x00007ffda1e90000 - 0x00007ffda1ea6000 	C:\WINDOWS\system32\wshbth.dll
0x00007ffd91b40000 - 0x00007ffd91b96000 	C:\WINDOWS\SYSTEM32\pdh.dll
0x00007ffda2560000 - 0x00007ffda2572000 	C:\WINDOWS\System32\perfproc.dll
0x00007ffd6fcd0000 - 0x00007ffd6fcde000 	C:\Users\anh01\.jdks\ms-21.0.8\bin\sunmscapi.dll
0x00007ffdaa300000 - 0x00007ffdaa477000 	C:\WINDOWS\System32\CRYPT32.dll
0x00007ffda88e0000 - 0x00007ffda8910000 	C:\WINDOWS\SYSTEM32\ncrypt.dll
0x00007ffda8890000 - 0x00007ffda88cf000 	C:\WINDOWS\SYSTEM32\NTASN1.dll
0x00007ffd78450000 - 0x00007ffd78458000 	C:\WINDOWS\system32\wshunix.dll

JVMTI agents:
C:\Program Files\JetBrains\IntelliJ IDEA 2025.2.1\lib\idea_rt.jar path:C:\Users\anh01\.jdks\ms-21.0.8\bin\instrument.dll, loaded, initialized, instrumentlib options:59070

dbghelp: loaded successfully - version: 4.0.5 - missing functions: none
symbol engine: initialized successfully - sym options: 0x614 - pdb path: .;C:\Users\anh01\.jdks\ms-21.0.8\bin;C:\WINDOWS\SYSTEM32;C:\WINDOWS\WinSxS\amd64_microsoft.windows.common-controls_6595b64144ccf1df_6.0.26100.7824_none_3e0870b2e3345462;C:\Users\anh01\.jdks\ms-21.0.8\bin\server

VM Arguments:
jvm_args: -XX:TieredStopAtLevel=1 -Dspring.output.ansi.enabled=always -Dcom.sun.management.jmxremote -Dspring.jmx.enabled=true -Dspring.liveBeansView.mbeanDomain -Dspring.application.admin.enabled=true -Dmanagement.endpoints.jmx.exposure.include=* -javaagent:C:\Program Files\JetBrains\IntelliJ IDEA 2025.2.1\lib\idea_rt.jar=59070 -Dfile.encoding=UTF-8 -Dsun.stdout.encoding=UTF-8 -Dsun.stderr.encoding=UTF-8 
java_command: com.marketplace.ecommerce.EcommerceApplication
java_class_path (initial): E:\swd\E-commerce\ecommerce\target\classes;C:\Users\anh01\.m2\repository\org\springframework\boot\spring-boot-starter-data-jpa\4.0.1\spring-boot-starter-data-jpa-4.0.1.jar;C:\Users\anh01\.m2\repository\org\springframework\boot\spring-boot-starter\4.0.1\spring-boot-starter-4.0.1.jar;C:\Users\anh01\.m2\repository\org\springframework\boot\spring-boot-starter-logging\4.0.1\spring-boot-starter-logging-4.0.1.jar;C:\Users\anh01\.m2\repository\ch\qos\logback\logback-classic\1.5.22\logback-classic-1.5.22.jar;C:\Users\anh01\.m2\repository\ch\qos\logback\logback-core\1.5.22\logback-core-1.5.22.jar;C:\Users\anh01\.m2\repository\org\apache\logging\log4j\log4j-to-slf4j\2.25.3\log4j-to-slf4j-2.25.3.jar;C:\Users\anh01\.m2\repository\org\apache\logging\log4j\log4j-api\2.25.3\log4j-api-2.25.3.jar;C:\Users\anh01\.m2\repository\org\slf4j\jul-to-slf4j\2.0.17\jul-to-slf4j-2.0.17.jar;C:\Users\anh01\.m2\repository\jakarta\annotation\jakarta.annotation-api\3.0.0\jakarta.annotation-api-3.0.0.jar;C:\Users\anh01\.m2\repository\org\yaml\snakeyaml\2.5\snakeyaml-2.5.jar;C:\Users\anh01\.m2\repository\org\springframework\boot\spring-boot-starter-jdbc\4.0.1\spring-boot-starter-jdbc-4.0.1.jar;C:\Users\anh01\.m2\repository\com\zaxxer\HikariCP\7.0.2\HikariCP-7.0.2.jar;C:\Users\anh01\.m2\repository\org\slf4j\slf4j-api\2.0.17\slf4j-api-2.0.17.jar;C:\Users\anh01\.m2\repository\org\springframework\boot\spring-boot-data-jpa\4.0.1\spring-boot-data-jpa-4.0.1.jar;C:\Users\anh01\.m2\repository\org\springframework\boot\spring-boot-data-commons\4.0.1\spring-boot-data-commons-4.0.1.jar;C:\Users\anh01\.m2\repository\org\springframework\boot\spring-boot-persistence\4.0.1\spring-boot-persistence-4.0.1.jar;C:\Users\anh01\.m2\repository\org\springframework\data\spring-data-commons\4.0.1\spring-data-commons-4.0.1.jar;C:\Users\anh01\.m2\repository\org\springframework\boot\spring-boot-hibernate\4.0.1\spring-boot-hibernate-4.0.1.jar;C:\Users\anh01\.m2\repository\org\springframework\boot\spring-boot-jpa\4.0.1\spring-boot-jpa-4.0.1.jar;C:\Users\anh01\.m2\repository\jakarta\persistence\jakarta.persistence-api\3.2.0\jakarta.persistence-api-3.2.0.jar;C:\Users\anh01\.m2\repository\org\hibernate\orm\hibernate-core\7.2.0.Final\hibernate-core-7.2.0.Final.jar;C:\Users\anh01\.m2\repository\jakarta\transaction\jakarta.transaction-api\2.0.1\jakarta.transaction-api-2.0.1.jar;C:\Users\anh01\.m2\repository\org\hibernate\models\hibernate-models\1.0.1\hibernate-models-1.0.1.jar;C:\Users\anh01\.m2\repository\org\glassfish\jaxb\jaxb-runtime\4.0.6\jaxb-runtime-4.0.6.jar;C:\Users\anh01\.m2\repository\org\glassfish\jaxb\jaxb-core\4.0.6\jaxb-core-4.0.6.jar;C:\Users\anh01\.m2\repository\org\glassfish\jaxb\txw2\4.0.6\txw2-4.0.6.jar;C:\Users\anh01\.m2\repository\com\sun\istack\istack-commons-runtime\4.1.2\istack-commons-runtime-4.1.2.jar;C:\Users\anh01\.m2\repository\jakarta\inject\jakarta.inject-api\2.0.1\jakarta.inject-api-2.0.1.jar;C:\Users\anh01\.m2\repository\org\springframework\spring-orm\7.0.2\spring-orm-7.0.2.jar;C:\Users\anh01\.m2\repository\org\springframework\data\spring-data-jpa\4.0.1\spring-data-jpa-4.0.1.jar;C:\Users\anh01\.m2\repository\org\springframework\spring-tx\7.0.2\spring-tx-7.0.2.jar;C:\Users\anh01\.m2\repository\org\antlr\antlr4-runtime\4.13.2\antlr4-runtime-4.13.2.jar;C:\Users\anh01\.m2\repository\org\springframework\spring-aspects\7.0.2\spring-aspects-7.0.2.jar;C:\Users\anh01\.m2\repository\org\aspectj\aspectjweaver\1.9.25.1\aspectjweaver-1.9.25.1.jar;C:\Users\anh01\.m2\repository\org\springframework\boot\spring-boot-jdbc\4.0.1\spring-boot-jdbc-4.0.1.jar;C:\Users\anh01\.m2\repository\org\springframework\boot\spring-boot-sql\4.0.1\spring-boot-sql-4.0.1.jar;C:\Users\anh01\.m2\repository\org\springframework\boot\spring-boot-transaction\4.0.1\spring-boot-transaction-4.0.1.jar;C:\Users\anh01\.m2\repository\org\springframework\spring-jdbc\7.0.2\spring-jdbc-7.0.2.jar;C:\Users\anh01\.m2\repository\org\springframework\boot\spring-boot-starter-security\4.0.1\spring-boot-starter-security-4.0.1.jar;C:\Users\anh01\.m2\repository\org\springframework\boot\spring-boot-security\4.0.1\spring-boot-security-4.0.1.jar;C:\Users\anh01\.m2\repository\org\springframework\security\spring-security-config\7.0.2\spring-security-config-7.0.2.jar;C:\Users\anh01\.m2\repository\org\springframework\security\spring-security-core\7.0.2\spring-security-core-7.0.2.jar;C:\Users\anh01\.m2\repository\org\springframework\security\spring-security-crypto\7.0.2\spring-security-crypto-7.0.2.jar;C:\Users\anh01\.m2\repository\org\springframework\security\spring-security-web\7.0.2\spring-security-web-7.0.2.jar;C:\Users\anh01\.m2\repository\org\springframework\spring-expression\7.0.2\spring-expression-7.0.2.jar;C:\Users\anh01\.m2\repository\org\springframework\spring-aop\7.0.2\spring-aop-7.0.2.jar;C:\Users\anh01\.m2\repository\org\springframework\spring-beans\7.0.2\spring-beans-7.0.2.jar;C:\Users\anh01\.m2\repository\org\springframework\spring-core\7.0.2\spring-core-7.0.2.jar;C:\Users\anh01\.m2\repository\commons-logging\commons-logging\1.3.5\commons-logging-1.3.5.jar;C:\Users\anh01\.m2\repository\org\jspecify\jspecify\1.0.0\jspecify-1.0.0.jar;C:\Users\anh01\.m2\repository\org\springframework\boot\spring-boot-starter-validation\4.0.1\spring-boot-starter-validation-4.0.1.jar;C:\Users\anh01\.m2\repository\org\springframework\boot\spring-boot-validation\4.0.1\spring-boot-validation-4.0.1.jar;C:\Users\anh01\.m2\repository\org\apache\tomcat\embed\tomcat-embed-el\11.0.15\tomcat-embed-el-11.0.15.jar;C:\Users\anh01\.m2\repository\org\hibernate\validator\hibernate-validator\9.0.1.Final\hibernate-validator-9.0.1.Final.jar;C:\Users\anh01\.m2\repository\jakarta\validation\jakarta.validation-api\3.1.1\jakarta.validation-api-3.1.1.jar;C:\Users\anh01\.m2\repository\org\jboss\logging\jboss-logging\3.6.1.Final\jboss-logging-3.6.1.Final.jar;C:\Users\anh01\.m2\repository\com\fasterxml\classmate\1.7.1\classmate-1.7.1.jar;C:\Users\anh01\.m2\repository\org\springframework\boot\spring-boot-starter-web\4.0.1\spring-boot-starter-web-4.0.1.jar;C:\Users\anh01\.m2\repository\org\springframework\boot\spring-boot-starter-jackson\4.0.1\spring-boot-starter-jackson-4.0.1.jar;C:\Users\anh01\.m2\repository\org\springframework\boot\spring-boot-jackson\4.0.1\spring-boot-jackson-4.0.1.jar;C:\Users\anh01\.m2\repository\tools\jackson\core\jackson-databind\3.0.3\jackson-databind-3.0.3.jar;C:\Users\anh01\.m2\repository\tools\jackson\core\jackson-core\3.0.3\jackson-core-3.0.3.jar;C:\Users\anh01\.m2\repository\org\springframework\boot\spring-boot-starter-tomcat\4.0.1\spring-boot-starter-tomcat-4.0.1.jar;C:\Users\anh01\.m2\repository\org\springframework\boot\spring-boot-starter-tomcat-runtime\4.0.1\spring-boot-starter-tomcat-runtime-4.0.1.jar;C:\Users\anh01\.m2\repository\org\apache\tomcat\embed\tomcat-embed-core\11.0.15\tomcat-embed-core-11.0.15.jar;C:\Users\anh01\.m2\repository\org\apache\tomcat\embed\tomcat-embed-websocket\11.0.15\tomcat-embed-websocket-11.0.15.jar;C:\Users\anh01\.m2\repository\org\springframework\boot\spring-boot-tomcat\4.0.1\spring-boot-tomcat-4.0.1.jar;C:\Users\anh01\.m2\repository\org\springframework\boot\spring-boot-http-converter\4.0.1\spring-boot-http-converter-4.0.1.jar;C:\Users\anh01\.m2\repository\org\springframework\spring-web\7.0.2\spring-web-7.0.2.jar;C:\Users\anh01\.m2\repository\io\micrometer\micrometer-observation\1.16.1\micrometer-observation-1.16.1.jar;C:\Users\anh01\.m2\repository\io\micrometer\micrometer-commons\1.16.1\micrometer-commons-1.16.1.jar;C:\Users\anh01\.m2\repository\org\springframework\boot\spring-boot-webmvc\4.0.1\spring-boot-webmvc-4.0.1.jar;C:\Users\anh01\.m2\repository\org\springframework\boot\spring-boot-servlet\4.0.1\spring-boot-servlet-4.0.1.jar;C:\Users\anh01\.m2\repository\org\springframework\spring-webmvc\7.0.2\spring-webmvc-7.0.2.jar;C:\Users\anh01\.m2\repository\io\jsonwebtoken\jjwt-api\0.12.5\jjwt-api-0.12.5.jar;C:\Users\anh01\.m2\repository\io\jsonwebtoken\jjwt-impl\0.12.5\jjwt-impl-0.12.5.jar;C:\Users\anh01\.m2\repository\io\jsonwebtoken\jjwt-jackson\0.12.5\jjwt-jackson-0.12.5.jar;C:\Users\anh01\.m2\repository\com\fasterxml\jackson\core\jackson-databind\2.20.1\jackson-databind-2.20.1.jar;C:\Users\anh01\.m2\repository\io\minio\minio\8.5.7\minio-8.5.7.jar;C:\Users\anh01\.m2\repository\com\carrotsearch\thirdparty\simple-xml-safe\2.7.1\simple-xml-safe-2.7.1.jar;C:\Users\anh01\.m2\repository\com\google\guava\guava\32.1.3-jre\guava-32.1.3-jre.jar;C:\Users\anh01\.m2\repository\com\google\guava\failureaccess\1.0.1\failureaccess-1.0.1.jar;C:\Users\anh01\.m2\repository\com\google\guava\listenablefuture\9999.0-empty-to-avoid-conflict-with-guava\listenablefuture-9999.0-empty-to-avoid-conflict-with-guava.jar;C:\Users\anh01\.m2\repository\com\google\code\findbugs\jsr305\3.0.2\jsr305-3.0.2.jar;C:\Users\anh01\.m2\repository\com\google\errorprone\error_prone_annotations\2.21.1\error_prone_annotations-2.21.1.jar;C:\Users\anh01\.m2\repository\com\google\j2objc\j2objc-annotations\2.8\j2objc-annotations-2.8.jar;C:\Users\anh01\.m2\repository\com\squareup\okhttp3\okhttp\4.12.0\okhttp-4.12.0.jar;C:\Users\anh01\.m2\repository\com\squareup\okio\okio\3.6.0\okio-3.6.0.jar;C:\Users\anh01\.m2\repository\com\squareup\okio\okio-jvm\3.6.0\okio-jvm-3.6.0.jar;C:\Users\anh01\.m2\repository\org\jetbrains\kotlin\kotlin-stdlib-common\1.9.10\kotlin-stdlib-common-1.9.10.jar;C:\Users\anh01\.m2\repository\org\jetbrains\kotlin\kotlin-stdlib-jdk8\2.2.21\kotlin-stdlib-jdk8-2.2.21.jar;C:\Users\anh01\.m2\repository\org\jetbrains\kotlin\kotlin-stdlib\2.2.21\kotlin-stdlib-2.2.21.jar;C:\Users\anh01\.m2\repository\org\jetbrains\annotations\13.0\annotations-13.0.jar;C:\Users\anh01\.m2\repository\org\jetbrains\kotlin\kotlin-stdlib-jdk7\2.2.21\kotlin-stdlib-jdk7-2.2.21.jar;C:\Users\anh01\.m2\repository\com\fasterxml\jackson\core\jackson-annotations\2.20\jackson-annotations-2.20.jar;C:\Users\anh01\.m2\repository\com\fasterxml\jackson\core\jackson-core\2.20.1\jackson-core-2.20.1.jar;C:\Users\anh01\.m2\repository\org\bouncycastle\bcprov-jdk18on\1.76\bcprov-jdk18on-1.76.jar;C:\Users\anh01\.m2\repository\org\apache\commons\commons-compress\1.24.0\commons-compress-1.24.0.jar;C:\Users\anh01\.m2\repository\org\xerial\snappy\snappy-java\1.1.10.5\snappy-java-1.1.10.5.jar;C:\Users\anh01\.m2\repository\org\springframework\boot\spring-boot-starter-thymeleaf\4.0.1\spring-boot-starter-thymeleaf-4.0.1.jar;C:\Users\anh01\.m2\repository\org\springframework\boot\spring-boot-thymeleaf\4.0.1\spring-boot-thymeleaf-4.0.1.jar;C:\Users\anh01\.m2\repository\org\thymeleaf\thymeleaf-spring6\3.1.3.RELEASE\thymeleaf-spring6-3.1.3.RELEASE.jar;C:\Users\anh01\.m2\repository\org\thymeleaf\thymeleaf\3.1.3.RELEASE\thymeleaf-3.1.3.RELEASE.jar;C:\Users\anh01\.m2\repository\org\attoparser\attoparser\2.0.7.RELEASE\attoparser-2.0.7.RELEASE.jar;C:\Users\anh01\.m2\repository\org\unbescape\unbescape\1.1.6.RELEASE\unbescape-1.1.6.RELEASE.jar;C:\Users\anh01\.m2\repository\org\springframework\boot\spring-boot-starter-mail\4.0.1\spring-boot-starter-mail-4.0.1.jar;C:\Users\anh01\.m2\repository\org\springframework\boot\spring-boot-mail\4.0.1\spring-boot-mail-4.0.1.jar;C:\Users\anh01\.m2\repository\org\springframework\spring-context-support\7.0.2\spring-context-support-7.0.2.jar;C:\Users\anh01\.m2\repository\jakarta\mail\jakarta.mail-api\2.1.5\jakarta.mail-api-2.1.5.jar;C:\Users\anh01\.m2\repository\jakarta\activation\jakarta.activation-api\2.1.4\jakarta.activation-api-2.1.4.jar;C:\Users\anh01\.m2\repository\org\eclipse\angus\angus-mail\2.0.5\angus-mail-2.0.5.jar;C:\Users\anh01\.m2\repository\org\eclipse\angus\angus-activation\2.0.3\angus-activation-2.0.3.jar;C:\Users\anh01\.m2\repository\org\springframework\boot\spring-boot-devtools\4.0.1\spring-boot-devtools-4.0.1.jar;C:\Users\anh01\.m2\repository\org\springframework\boot\spring-boot\4.0.1\spring-boot-4.0.1.jar;C:\Users\anh01\.m2\repository\org\springframework\spring-context\7.0.2\spring-context-7.0.2.jar;C:\Users\anh01\.m2\repository\org\springframework\boot\spring-boot-autoconfigure\4.0.1\spring-boot-autoconfigure-4.0.1.jar;C:\Users\anh01\.m2\repository\org\postgresql\postgresql\42.7.8\postgresql-42.7.8.jar;C:\Users\anh01\.m2\repository\org\checkerframework\checker-qual\3.49.5\checker-qual-3.49.5.jar;C:\Users\anh01\.m2\repository\org\projectlombok\lombok\1.18.42\lombok-1.18.42.jar;C:\Users\anh01\.m2\repository\jakarta\xml\bind\jakarta.xml.bind-api\4.0.4\jakarta.xml.bind-api-4.0.4.jar;C:\Users\anh01\.m2\repository\net\bytebuddy\byte-buddy\1.17.8\byte-buddy-1.17.8.jar;C:\Users\anh01\.m2\repository\org\springframework\boot\spring-boot-web-server\4.0.1\spring-boot-web-server-4.0.1.jar
Launcher Type: SUN_STANDARD

[Global flags]
     intx CICompilerCount                          = 12                                        {product} {ergonomic}
     uint ConcGCThreads                            = 4                                         {product} {ergonomic}
     uint G1ConcRefinementThreads                  = 15                                        {product} {ergonomic}
   size_t G1HeapRegionSize                         = 2097152                                   {product} {ergonomic}
    uintx GCDrainStackTargetSize                   = 64                                        {product} {ergonomic}
   size_t InitialHeapSize                          = 264241152                                 {product} {ergonomic}
     bool ManagementServer                         = true                                      {product} {command line}
   size_t MarkStackSize                            = 4194304                                   {product} {ergonomic}
   size_t MaxHeapSize                              = 4223664128                                {product} {ergonomic}
   size_t MaxNewSize                               = 2533359616                                {product} {ergonomic}
   size_t MinHeapDeltaBytes                        = 2097152                                   {product} {ergonomic}
   size_t MinHeapSize                              = 8388608                                   {product} {ergonomic}
    uintx NonNMethodCodeHeapSize                   = 4096                                   {pd product} {ergonomic}
    uintx NonProfiledCodeHeapSize                  = 0                                      {pd product} {ergonomic}
     bool ProfileInterpreter                       = false                                  {pd product} {command line}
    uintx ProfiledCodeHeapSize                     = 0                                      {pd product} {ergonomic}
   size_t SoftMaxHeapSize                          = 4223664128                             {manageable} {ergonomic}
     intx TieredStopAtLevel                        = 1                                         {product} {command line}
     bool UseCompressedOops                        = true                           {product lp64_product} {ergonomic}
     bool UseG1GC                                  = true                                      {product} {ergonomic}
     bool UseLargePagesIndividualAllocation        = false                                  {pd product} {ergonomic}

Logging:
Log output configuration:
 #0: stdout all=warning uptime,level,tags foldmultilines=false
 #1: stderr all=off uptime,level,tags foldmultilines=false

Environment Variables:
PATH=C:\Python314\Scripts\;C:\Python314\;C:\Program Files\Common Files\Oracle\Java\javapath;C:\WINDOWS\system32;C:\WINDOWS;C:\WINDOWS\System32\Wbem;C:\WINDOWS\System32\WindowsPowerShell\v1.0\;C:\Program Files\Git\cmd;C:\Users\anh01\Downloads\flutter_windows_3.35.2-stable\flutter\bin;C:\Program Files\Docker\Docker\resources\bin;C:\make\bin;C:\Program Files (x86)\GnuWin32\bin;C:\ProgramData\chocolatey\bin;C:\Program Files (x86)\NVIDIA Corporation\PhysX\Common;V:\platform-tools-latest-windows\platform-tools;C:\Program Files\Go\bin;C:\tools\flutter_windows_3.38.5-stable\flutter\bin;C:\Program Files\Microsoft SQL Server\170\Tools\Binn\;C:\Program Files\Microsoft SQL Server\Client SDK\ODBC\170\Tools\Binn\;C:\Program Files\Microsoft SQL Server\170\DTS\Binn\;C:\Program Files\dotnet\;E:\Program Files\nodejs\;C:\Users\anh01\.local\bin;C:\Users\anh01\AppData\Local\Microsoft\WindowsApps;C:\Users\anh01\AppData\Local\GitHubDesktop\bin;C:\Program Files\JetBrains\IntelliJ IDEA 2025.2.1\bin;C:\Users\anh01\AppData\Local\JetBrains\Toolbox\scripts;E:\Microsoft VS Code\bin;C:\Users\anh01\.dotnet\tools;C:\tools\dart-sdk\bin;C:\Users\anh01\AppData\Local\Pub\Cache\bin;C:\Users\anh01\go\bin;C:\Users\anh01\AppData\Roaming\npm;E:\cursor\resources\app\bin;E:\Program Files\Antigravity\bin
USERNAME=anh01
OS=Windows_NT
PROCESSOR_IDENTIFIER=Intel64 Family 6 Model 154 Stepping 3, GenuineIntel
TMP=C:\Users\anh01\AppData\Local\Temp
TEMP=C:\Users\anh01\AppData\Local\Temp




Periodic native trim disabled

---------------  S Y S T E M  ---------------

OS:
 Windows 11 , 64 bit Build 26100 (10.0.26100.7705)
OS uptime: 4 days 0:12 hours
Hyper-V role detected

CPU: total 20 (initial active 20) (10 cores per cpu, 2 threads per core) family 6 model 154 stepping 3 microcode 0x432, cx8, cmov, fxsr, ht, mmx, 3dnowpref, sse, sse2, sse3, ssse3, sse4.1, sse4.2, popcnt, lzcnt, tsc, tscinvbit, avx, avx2, aes, erms, clmul, bmi1, bmi2, adx, sha, fma, vzeroupper, clflush, clflushopt, clwb, hv, serialize, rdtscp, rdpid, fsrm, f16c, cet_ibt, cet_ss
Processor Information for processor 0
  Max Mhz: 2300, Current Mhz: 2300, Mhz Limit: 2300
Processor Information for processor 1
  Max Mhz: 2300, Current Mhz: 2300, Mhz Limit: 2300
Processor Information for processor 2
  Max Mhz: 2300, Current Mhz: 2300, Mhz Limit: 2300
Processor Information for processor 3
  Max Mhz: 2300, Current Mhz: 2300, Mhz Limit: 2300
Processor Information for processor 4
  Max Mhz: 2300, Current Mhz: 2300, Mhz Limit: 2300
Processor Information for processor 5
  Max Mhz: 2300, Current Mhz: 2300, Mhz Limit: 2300
Processor Information for processor 6
  Max Mhz: 2300, Current Mhz: 2300, Mhz Limit: 2300
Processor Information for processor 7
  Max Mhz: 2300, Current Mhz: 2300, Mhz Limit: 2300
Processor Information for processor 8
  Max Mhz: 2300, Current Mhz: 2300, Mhz Limit: 2300
Processor Information for processor 9
  Max Mhz: 2300, Current Mhz: 2300, Mhz Limit: 2300
Processor Information for processor 10
  Max Mhz: 2300, Current Mhz: 2300, Mhz Limit: 2300
Processor Information for processor 11
  Max Mhz: 2300, Current Mhz: 2300, Mhz Limit: 2300
Processor Information for processor 12
  Max Mhz: 2300, Current Mhz: 1700, Mhz Limit: 1679
Processor Information for processor 13
  Max Mhz: 2300, Current Mhz: 1700, Mhz Limit: 1679
Processor Information for processor 14
  Max Mhz: 2300, Current Mhz: 1700, Mhz Limit: 1679
Processor Information for processor 15
  Max Mhz: 2300, Current Mhz: 1700, Mhz Limit: 1679
Processor Information for processor 16
  Max Mhz: 2300, Current Mhz: 1700, Mhz Limit: 1679
Processor Information for processor 17
  Max Mhz: 2300, Current Mhz: 1700, Mhz Limit: 1679
Processor Information for processor 18
  Max Mhz: 2300, Current Mhz: 1700, Mhz Limit: 1679
Processor Information for processor 19
  Max Mhz: 2300, Current Mhz: 1700, Mhz Limit: 1679

Memory: 4k page, system-wide physical 16108M (943M free)
TotalPageFile size 23335M (AvailPageFile size 0M)
current process WorkingSet (physical memory assigned to process): 366M, peak: 430M
current process commit charge ("private bytes"): 488M, peak: 488M

vm_info: OpenJDK 64-Bit Server VM (21.0.8+9-LTS) for windows-amd64 JRE (21.0.8+9-LTS), built on 2025-07-10T20:22:44Z by "MicrosoftCorporation" with unknown MS VC++:1944

END.
